******************************************************************************
             TMS320C2000 Linker PC v18.1.1                     
******************************************************************************
>> Linked Sun Dec  8 14:46:31 2019

OUTPUT FILE NAME:   <control_board_v0.2_dock.out>
ENTRY POINT SYMBOL: "_c_int00"  address: 00089d2e


MEMORY CONFIGURATION

         name            origin    length      used     unused   attr    fill
----------------------  --------  ---------  --------  --------  ----  --------
PAGE 0:
  RAMM0                 00000122   000002de  00000000  000002de  RWIX
  RAMLS0                00008000   00000800  00000029  000007d7  RWIX
  RAMLS1                00008800   00000800  00000000  00000800  RWIX
  RAMLS2                00009000   00000800  00000000  00000800  RWIX
  RAMLS4                0000a000   00000800  00000000  00000800  RWIX
  RAMD0                 0000b000   00000800  00000000  00000800  RWIX
  RAMGS14               0001a000   00001000  00000000  00001000  RWIX
  RAMGS15               0001b000   00001000  00000000  00001000  RWIX
  BEGIN                 00080000   00000002  00000002  00000000  RWIX
  FLASHA                00080002   00001ffe  00000000  00001ffe  RWIX
  FLASHB                00082000   00002000  00000000  00002000  RWIX
  FLASHC                00084000   00002000  000001c0  00001e40  RWIX
  FLASHD                00086000   00002000  00000000  00002000  RWIX
  FLASHE                00088000   00008000  000020f1  00005f0f  RWIX
  FLASHF                00090000   00008000  00000000  00008000  RWIX
  FLASHG                00098000   00008000  00000000  00008000  RWIX
  FLASHH                000a0000   00008000  00000000  00008000  RWIX
  FLASHI                000a8000   00008000  00000000  00008000  RWIX
  FLASHJ                000b0000   00008000  00000000  00008000  RWIX
  FLASHK                000b8000   00002000  00000000  00002000  RWIX
  FLASHL                000ba000   00002000  00000000  00002000  RWIX
  FLASHM                000bc000   00002000  00000000  00002000  RWIX
  FLASHN                000be000   00002000  00000000  00002000  RWIX
  RESET                 003fffc0   00000002  00000000  00000002  RWIX

PAGE 1:
  BOOT_RSVD             00000002   00000120  00000000  00000120  RWIX
  RAMM1                 00000400   00000400  00000000  00000400  RWIX
  ADCA_RESULT           00000b00   00000020  00000018  00000008  RWIX
  ADCB_RESULT           00000b20   00000020  00000018  00000008  RWIX
  ADCC_RESULT           00000b40   00000020  00000018  00000008  RWIX
  ADCD_RESULT           00000b60   00000020  00000018  00000008  RWIX
  CPU_TIMER0            00000c00   00000008  00000008  00000000  RWIX
  CPU_TIMER1            00000c08   00000008  00000008  00000000  RWIX
  CPU_TIMER2            00000c10   00000008  00000008  00000000  RWIX
  PIE_CTRL              00000ce0   00000020  0000001a  00000006  RWIX
  PIE_VECT              00000d00   00000200  000001c0  00000040  RWIX
  DMA                   00001000   00000200  000000e0  00000120  RWIX
  CLA1                  00001400   00000040  00000040  00000000  RWIX
  EPWM1                 00004000   00000100  00000100  00000000  RWIX
  EPWM2                 00004100   00000100  00000100  00000000  RWIX
  EPWM3                 00004200   00000100  00000100  00000000  RWIX
  EPWM4                 00004300   00000100  00000100  00000000  RWIX
  EPWM5                 00004400   00000100  00000100  00000000  RWIX
  EPWM6                 00004500   00000100  00000100  00000000  RWIX
  EPWM7                 00004600   00000100  00000100  00000000  RWIX
  EPWM8                 00004700   00000100  00000100  00000000  RWIX
  EPWM9                 00004800   00000100  00000100  00000000  RWIX
  EPWM10                00004900   00000100  00000100  00000000  RWIX
  EPWM11                00004a00   00000100  00000100  00000000  RWIX
  EPWM12                00004b00   00000100  00000100  00000000  RWIX
  ECAP1                 00005000   00000020  00000020  00000000  RWIX
  ECAP2                 00005020   00000020  00000020  00000000  RWIX
  ECAP3                 00005040   00000020  00000020  00000000  RWIX
  ECAP4                 00005060   00000020  00000020  00000000  RWIX
  ECAP5                 00005080   00000020  00000020  00000000  RWIX
  ECAP6                 000050a0   00000020  00000020  00000000  RWIX
  EQEP1                 00005100   00000040  00000022  0000001e  RWIX
  EQEP2                 00005140   00000040  00000022  0000001e  RWIX
  EQEP3                 00005180   00000040  00000022  0000001e  RWIX
  DACA                  00005c00   00000010  00000008  00000008  RWIX
  DACB                  00005c10   00000010  00000008  00000008  RWIX
  DACC                  00005c20   00000010  00000008  00000008  RWIX
  CMPSS1                00005c80   00000020  00000020  00000000  RWIX
  CMPSS2                00005ca0   00000020  00000020  00000000  RWIX
  CMPSS3                00005cc0   00000020  00000020  00000000  RWIX
  CMPSS4                00005ce0   00000020  00000020  00000000  RWIX
  CMPSS5                00005d00   00000020  00000020  00000000  RWIX
  CMPSS6                00005d20   00000020  00000020  00000000  RWIX
  CMPSS7                00005d40   00000020  00000020  00000000  RWIX
  CMPSS8                00005d60   00000020  00000020  00000000  RWIX
  SDFM1                 00005e00   00000080  00000080  00000000  RWIX
  SDFM2                 00005e80   00000080  00000080  00000000  RWIX
  MCBSPA                00006000   00000040  00000024  0000001c  RWIX
  MCBSPB                00006040   00000040  00000024  0000001c  RWIX
  SPIA                  00006100   00000010  00000010  00000000  RWIX
  SPIB                  00006110   00000010  00000010  00000000  RWIX
  SPIC                  00006120   00000010  00000010  00000000  RWIX
  SPID                  00006130   00000010  00000010  00000000  RWIX
  UPP                   00006200   00000100  00000048  000000b8  RWIX
  WD                    00007000   00000040  0000002b  00000015  RWIX
  NMIINTRUPT            00007060   00000010  00000007  00000009  RWIX
  XINT                  00007070   00000010  0000000b  00000005  RWIX
  SCIA                  00007200   00000010  00000010  00000000  RWIX
  SCIB                  00007210   00000010  00000010  00000000  RWIX
  SCIC                  00007220   00000010  00000010  00000000  RWIX
  SCID                  00007230   00000010  00000010  00000000  RWIX
  I2CA                  00007300   00000040  00000022  0000001e  RWIX
  I2CB                  00007340   00000040  00000022  0000001e  RWIX
  ADCA                  00007400   00000080  00000080  00000000  RWIX
  ADCB                  00007480   00000080  00000080  00000000  RWIX
  ADCC                  00007500   00000080  00000080  00000000  RWIX
  ADCD                  00007580   00000080  00000080  00000000  RWIX
  TRIG                  00007900   00000050  00000046  0000000a  RWIX
  DMACLASRCSEL          00007980   00000040  0000001a  00000026  RWIX
  EPWM_XBAR             00007a00   00000040  00000040  00000000  RWIX
  CLB_XBAR              00007a40   00000040  00000000  00000040  RWIX
  GPIO_OUT_XBAR         00007a80   00000040  00000040  00000000  RWIX
  GPIOCTRL              00007c00   00000180  00000180  00000000  RWIX
  GPIODAT               00007f00   00000030  00000030  00000000  RWIX
  RAMLS3                00009800   00000800  000003c6  0000043a  RWIX
  RAMLS5                0000a800   00000800  00000000  00000800  RWIX
  RAMD1                 0000b800   00000800  00000000  00000800  RWIX
  RAMGS0                0000c000   00001000  00000000  00001000  RWIX
  RAMGS1                0000d000   00001000  00000000  00001000  RWIX
  RAMGS2                0000e000   00001000  00000000  00001000  RWIX
  RAMGS3                0000f000   00001000  00000000  00001000  RWIX
  RAMGS4                00010000   00001000  00000000  00001000  RWIX
  RAMGS5                00011000   00001000  00000000  00001000  RWIX
  RAMGS6                00012000   00001000  00000000  00001000  RWIX
  RAMGS7                00013000   00001000  00000000  00001000  RWIX
  RAMGS8                00014000   00001000  00000000  00001000  RWIX
  RAMGS9                00015000   00001000  00000000  00001000  RWIX
  RAMGS10               00016000   00001000  00000000  00001000  RWIX
  RAMGS11               00017000   00001000  00000000  00001000  RWIX
  RAMGS12               00018000   00001000  00000000  00001000  RWIX
  RAMGS13               00019000   00001000  00000000  00001000  RWIX
  CPU2TOCPU1RAM         0003f800   00000400  00000000  00000400  RWIX
  CPU1TOCPU2RAM         0003fc00   00000400  00000000  00000400  RWIX
  EMIF1                 00047000   00000800  00000070  00000790  RWIX
  EMIF2                 00047800   00000800  00000070  00000790  RWIX
  DCANA                 00048000   00001000  00000200  00000e00  RWIX
  DCANB                 0004a000   00001000  00000200  00000e00  RWIX
  IPC                   00050000   00001000  00000026  00000fda  RWIX
  DEV_CFG               0005d000   00000180  0000012e  00000052  RWIX
  ANALOG_SUBSYS         0005d180   00000080  00000048  00000038  RWIX
  CLK_CFG               0005d200   00000100  00000032  000000ce  RWIX
  CPU_SYS               0005d300   00000100  00000082  0000007e  RWIX
  HWBIST                0005e000   00000100  000000a2  0000005e  RWIX
  PBIST                 0005e200   00000200  000001e6  0000001a  RWIX
  ROMPREFETCH           0005e608   00000002  00000002  00000000  RWIX
  DCSM_Z1               0005f000   00000030  00000024  0000000c  RWIX
  DCSM_Z2               0005f040   00000030  00000024  0000000c  RWIX
  DCSM_COMMON           0005f070   00000010  00000008  00000008  RWIX
  MEMCFG                0005f400   00000080  00000080  00000000  RWIX
  EMIF1CONFIG           0005f480   00000020  00000020  00000000  RWIX
  EMIF2CONFIG           0005f4a0   00000020  00000020  00000000  RWIX
  ACCESSPROTECTION      0005f4c0   00000040  00000040  00000000  RWIX
  MEMORYERROR           0005f500   00000040  00000040  00000000  RWIX
  ROMWAITSTATE          0005f540   00000002  00000002  00000000  RWIX
  FLASH_CTRL            0005f800   00000300  00000182  0000017e  RWIX
  FLASH_ECC             0005fb00   00000040  00000028  00000018  RWIX
  DCSM_OTP_Z1           00078800   00000020  0000001a  00000006  RWIX
  DCSM_OTP_Z2           00078900   00000020  0000001a  00000006  RWIX


SECTION ALLOCATION MAP

 output                                  attributes/
section   page    origin      length       input sections
--------  ----  ----------  ----------   ----------------
.cinit     0    00089eb4    00000214     
                  00089eb4    0000015e     main.obj (.cinit)
                  0008a012    00000094     F2837xD_struct.obj (.cinit)
                  0008a0a6    0000000e     rts2800_fpu32.lib : exit.c.obj (.cinit)
                  0008a0b4    00000005                       : _lock.c.obj (.cinit:__lock)
                  0008a0b9    00000005                       : _lock.c.obj (.cinit:__unlock)
                  0008a0be    00000004     F2837xD_sci_io.obj (.cinit)
                  0008a0c2    00000004     rts2800_fpu32.lib : errno.c.obj (.cinit)
                  0008a0c6    00000002     --HOLE-- [fill = 0]

.pinit     0    00088000    00000000     UNINITIALIZED

codestart 
*          0    00080000    00000002     
                  00080000    00000002     F2837xD_CodeStartBranch.obj (codestart)

.text      0    00088000    00001eb4     
                  00088000    00000884     main.obj (.text)
                  00088884    00000706     main.obj (.text:retain)
                  00088f8a    0000058f     F2837xD_DefaultISR.obj (.text:retain)
                  00089519    00000281     F2837xD_SysCtrl.obj (.text)
                  0008979a    0000022f     F2837xD_Gpio.obj (.text)
                  000899c9    000000c7     F2837xD_Ipc.obj (.text)
                  00089a90    000000c2     F2837xD_TempSensorConv.obj (.text)
                  00089b52    00000088     rts2800_fpu32.lib : fs_div28.asm.obj (.text)
                  00089bda    00000081     F2837xD_Gpio.obj (.text:retain)
                  00089c5b    0000007b     F2837xD_CpuTimers.obj (.text)
                  00089cd6    00000058     rts2800_fpu32.lib : s_sinf.c.obj (.text)
                  00089d2e    00000056                       : boot28.asm.obj (.text)
                  00089d84    00000029                       : exit.c.obj (.text)
                  00089dad    00000028     F2837xD_PieCtrl.obj (.text)
                  00089dd5    00000026     F2837xD_PieVect.obj (.text)
                  00089dfb    00000001     rts2800_fpu32.lib : startup.c.obj (.text)
                  00089dfc    00000026                       : e_sqrtf.c.obj (.text)
                  00089e22    00000024                       : cpy_tbl.c.obj (.text)
                  00089e46    0000001e                       : memcpy.c.obj (.text)
                  00089e64    00000019                       : args_main.c.obj (.text)
                  00089e7d    00000018                       : ll_aox28.asm.obj (.text)
                  00089e95    0000000c                       : memset.c.obj (.text)
                  00089ea1    00000009                       : _lock.c.obj (.text)
                  00089eaa    00000008     F2837xD_CodeStartBranch.obj (.text)
                  00089eb2    00000002     rts2800_fpu32.lib : pre_init.c.obj (.text)

ramfuncs   0    0008a0c8    00000029     RUN ADDR = 00008000
                  0008a0c8    00000025     F2837xD_SysCtrl.obj (ramfuncs)
                  0008a0ed    00000004     F2837xD_usDelay.obj (ramfuncs)

.stack     1    00009800    00000200     UNINITIALIZED
                  00009800    00000200     --HOLE--

.ebss      1    00009a00    000001c6     UNINITIALIZED
                  00009a00    0000011e     main.obj (.ebss)
                  00009b1e    00000018     F2837xD_CpuTimers.obj (.ebss)
                  00009b36    00000006     F2837xD_TempSensorConv.obj (.ebss)
                  00009b3c    00000002     rts2800_fpu32.lib : _lock.c.obj (.ebss:__lock)
                  00009b3e    00000002                       : _lock.c.obj (.ebss:__unlock)
                  00009b40    0000007c     F2837xD_struct.obj (.ebss)
                  00009bbc    00000001     F2837xD_Gpio.obj (.ebss)
                  00009bbd    00000001     F2837xD_sci_io.obj (.ebss)
                  00009bbe    00000001     rts2800_fpu32.lib : errno.c.obj (.ebss)
                  00009bbf    00000001     --HOLE--
                  00009bc0    00000006                       : exit.c.obj (.ebss)

.econst    0    00084000    000001c0     
                  00084000    000001c0     F2837xD_PieVect.obj (.econst:_PieVectTableInit)

.reset     0    003fffc0    00000002     DSECT
                  003fffc0    00000002     rts2800_fpu32.lib : boot28.asm.obj (.reset)

AdcaResultFile 
*          1    00000b00    00000018     UNINITIALIZED
                  00000b00    00000018     F2837xD_GlobalVariableDefs.obj (AdcaResultFile)

AdcbResultFile 
*          1    00000b20    00000018     UNINITIALIZED
                  00000b20    00000018     F2837xD_GlobalVariableDefs.obj (AdcbResultFile)

AdccResultFile 
*          1    00000b40    00000018     UNINITIALIZED
                  00000b40    00000018     F2837xD_GlobalVariableDefs.obj (AdccResultFile)

AdcdResultFile 
*          1    00000b60    00000018     UNINITIALIZED
                  00000b60    00000018     F2837xD_GlobalVariableDefs.obj (AdcdResultFile)

CpuTimer0RegsFile 
*          1    00000c00    00000008     UNINITIALIZED
                  00000c00    00000008     F2837xD_GlobalVariableDefs.obj (CpuTimer0RegsFile)

CpuTimer1RegsFile 
*          1    00000c08    00000008     UNINITIALIZED
                  00000c08    00000008     F2837xD_GlobalVariableDefs.obj (CpuTimer1RegsFile)

CpuTimer2RegsFile 
*          1    00000c10    00000008     UNINITIALIZED
                  00000c10    00000008     F2837xD_GlobalVariableDefs.obj (CpuTimer2RegsFile)

PieCtrlRegsFile 
*          1    00000ce0    0000001a     UNINITIALIZED
                  00000ce0    0000001a     F2837xD_GlobalVariableDefs.obj (PieCtrlRegsFile)

PieVectTableFile 
*          1    00000d00    000001c0     UNINITIALIZED
                  00000d00    000001c0     F2837xD_GlobalVariableDefs.obj (PieVectTableFile)

EmuKeyVar 
*          1    00000d00    00000001     UNINITIALIZED
                  00000d00    00000001     F2837xD_GlobalVariableDefs.obj (EmuKeyVar)

EmuBModeVar 
*          1    00000d01    00000001     UNINITIALIZED
                  00000d01    00000001     F2837xD_GlobalVariableDefs.obj (EmuBModeVar)

FlashCallbackVar 
*          1    00000d02    00000000     UNINITIALIZED

FlashScalingVar 
*          1    00000d02    00000000     UNINITIALIZED

DmaRegsFile 
*          1    00001000    000000e0     UNINITIALIZED
                  00001000    000000e0     F2837xD_GlobalVariableDefs.obj (DmaRegsFile)

Cla1RegsFile 
*          1    00001400    00000040     UNINITIALIZED
                  00001400    00000040     F2837xD_GlobalVariableDefs.obj (Cla1RegsFile)

EPwm1RegsFile 
*          1    00004000    00000100     UNINITIALIZED
                  00004000    00000100     F2837xD_GlobalVariableDefs.obj (EPwm1RegsFile)

EPwm2RegsFile 
*          1    00004100    00000100     UNINITIALIZED
                  00004100    00000100     F2837xD_GlobalVariableDefs.obj (EPwm2RegsFile)

EPwm3RegsFile 
*          1    00004200    00000100     UNINITIALIZED
                  00004200    00000100     F2837xD_GlobalVariableDefs.obj (EPwm3RegsFile)

EPwm4RegsFile 
*          1    00004300    00000100     UNINITIALIZED
                  00004300    00000100     F2837xD_GlobalVariableDefs.obj (EPwm4RegsFile)

EPwm5RegsFile 
*          1    00004400    00000100     UNINITIALIZED
                  00004400    00000100     F2837xD_GlobalVariableDefs.obj (EPwm5RegsFile)

EPwm6RegsFile 
*          1    00004500    00000100     UNINITIALIZED
                  00004500    00000100     F2837xD_GlobalVariableDefs.obj (EPwm6RegsFile)

EPwm7RegsFile 
*          1    00004600    00000100     UNINITIALIZED
                  00004600    00000100     F2837xD_GlobalVariableDefs.obj (EPwm7RegsFile)

EPwm8RegsFile 
*          1    00004700    00000100     UNINITIALIZED
                  00004700    00000100     F2837xD_GlobalVariableDefs.obj (EPwm8RegsFile)

EPwm9RegsFile 
*          1    00004800    00000100     UNINITIALIZED
                  00004800    00000100     F2837xD_GlobalVariableDefs.obj (EPwm9RegsFile)

EPwm10RegsFile 
*          1    00004900    00000100     UNINITIALIZED
                  00004900    00000100     F2837xD_GlobalVariableDefs.obj (EPwm10RegsFile)

EPwm11RegsFile 
*          1    00004a00    00000100     UNINITIALIZED
                  00004a00    00000100     F2837xD_GlobalVariableDefs.obj (EPwm11RegsFile)

EPwm12RegsFile 
*          1    00004b00    00000100     UNINITIALIZED
                  00004b00    00000100     F2837xD_GlobalVariableDefs.obj (EPwm12RegsFile)

ECap1RegsFile 
*          1    00005000    00000020     UNINITIALIZED
                  00005000    00000020     F2837xD_GlobalVariableDefs.obj (ECap1RegsFile)

ECap2RegsFile 
*          1    00005020    00000020     UNINITIALIZED
                  00005020    00000020     F2837xD_GlobalVariableDefs.obj (ECap2RegsFile)

ECap3RegsFile 
*          1    00005040    00000020     UNINITIALIZED
                  00005040    00000020     F2837xD_GlobalVariableDefs.obj (ECap3RegsFile)

ECap4RegsFile 
*          1    00005060    00000020     UNINITIALIZED
                  00005060    00000020     F2837xD_GlobalVariableDefs.obj (ECap4RegsFile)

ECap5RegsFile 
*          1    00005080    00000020     UNINITIALIZED
                  00005080    00000020     F2837xD_GlobalVariableDefs.obj (ECap5RegsFile)

ECap6RegsFile 
*          1    000050a0    00000020     UNINITIALIZED
                  000050a0    00000020     F2837xD_GlobalVariableDefs.obj (ECap6RegsFile)

EQep1RegsFile 
*          1    00005100    00000022     UNINITIALIZED
                  00005100    00000022     F2837xD_GlobalVariableDefs.obj (EQep1RegsFile)

EQep2RegsFile 
*          1    00005140    00000022     UNINITIALIZED
                  00005140    00000022     F2837xD_GlobalVariableDefs.obj (EQep2RegsFile)

EQep3RegsFile 
*          1    00005180    00000022     UNINITIALIZED
                  00005180    00000022     F2837xD_GlobalVariableDefs.obj (EQep3RegsFile)

DacaRegsFile 
*          1    00005c00    00000008     UNINITIALIZED
                  00005c00    00000008     F2837xD_GlobalVariableDefs.obj (DacaRegsFile)

DacbRegsFile 
*          1    00005c10    00000008     UNINITIALIZED
                  00005c10    00000008     F2837xD_GlobalVariableDefs.obj (DacbRegsFile)

DaccRegsFile 
*          1    00005c20    00000008     UNINITIALIZED
                  00005c20    00000008     F2837xD_GlobalVariableDefs.obj (DaccRegsFile)

Sdfm1RegsFile 
*          1    00005e00    00000080     UNINITIALIZED
                  00005e00    00000080     F2837xD_GlobalVariableDefs.obj (Sdfm1RegsFile)

Sdfm2RegsFile 
*          1    00005e80    00000080     UNINITIALIZED
                  00005e80    00000080     F2837xD_GlobalVariableDefs.obj (Sdfm2RegsFile)

McbspaRegsFile 
*          1    00006000    00000024     UNINITIALIZED
                  00006000    00000024     F2837xD_GlobalVariableDefs.obj (McbspaRegsFile)

McbspbRegsFile 
*          1    00006040    00000024     UNINITIALIZED
                  00006040    00000024     F2837xD_GlobalVariableDefs.obj (McbspbRegsFile)

SpiaRegsFile 
*          1    00006100    00000010     UNINITIALIZED
                  00006100    00000010     F2837xD_GlobalVariableDefs.obj (SpiaRegsFile)

SpibRegsFile 
*          1    00006110    00000010     UNINITIALIZED
                  00006110    00000010     F2837xD_GlobalVariableDefs.obj (SpibRegsFile)

SpicRegsFile 
*          1    00006120    00000010     UNINITIALIZED
                  00006120    00000010     F2837xD_GlobalVariableDefs.obj (SpicRegsFile)

SpidRegsFile 
*          1    00006130    00000010     UNINITIALIZED
                  00006130    00000010     F2837xD_GlobalVariableDefs.obj (SpidRegsFile)

UppRegsFile 
*          1    00006200    00000048     UNINITIALIZED
                  00006200    00000048     F2837xD_GlobalVariableDefs.obj (UppRegsFile)

WdRegsFile 
*          1    00007000    0000002b     UNINITIALIZED
                  00007000    0000002b     F2837xD_GlobalVariableDefs.obj (WdRegsFile)

NmiIntruptRegsFile 
*          1    00007060    00000007     UNINITIALIZED
                  00007060    00000007     F2837xD_GlobalVariableDefs.obj (NmiIntruptRegsFile)

XintRegsFile 
*          1    00007070    0000000b     UNINITIALIZED
                  00007070    0000000b     F2837xD_GlobalVariableDefs.obj (XintRegsFile)

SciaRegsFile 
*          1    00007200    00000010     UNINITIALIZED
                  00007200    00000010     F2837xD_GlobalVariableDefs.obj (SciaRegsFile)

ScibRegsFile 
*          1    00007210    00000010     UNINITIALIZED
                  00007210    00000010     F2837xD_GlobalVariableDefs.obj (ScibRegsFile)

ScicRegsFile 
*          1    00007220    00000010     UNINITIALIZED
                  00007220    00000010     F2837xD_GlobalVariableDefs.obj (ScicRegsFile)

ScidRegsFile 
*          1    00007230    00000010     UNINITIALIZED
                  00007230    00000010     F2837xD_GlobalVariableDefs.obj (ScidRegsFile)

I2caRegsFile 
*          1    00007300    00000022     UNINITIALIZED
                  00007300    00000022     F2837xD_GlobalVariableDefs.obj (I2caRegsFile)

I2cbRegsFile 
*          1    00007340    00000022     UNINITIALIZED
                  00007340    00000022     F2837xD_GlobalVariableDefs.obj (I2cbRegsFile)

AdcaRegsFile 
*          1    00007400    00000080     UNINITIALIZED
                  00007400    00000080     F2837xD_GlobalVariableDefs.obj (AdcaRegsFile)

AdcbRegsFile 
*          1    00007480    00000080     UNINITIALIZED
                  00007480    00000080     F2837xD_GlobalVariableDefs.obj (AdcbRegsFile)

AdccRegsFile 
*          1    00007500    00000080     UNINITIALIZED
                  00007500    00000080     F2837xD_GlobalVariableDefs.obj (AdccRegsFile)

AdcdRegsFile 
*          1    00007580    00000080     UNINITIALIZED
                  00007580    00000080     F2837xD_GlobalVariableDefs.obj (AdcdRegsFile)

TrigRegsFile 
*          1    00007900    00000046     UNINITIALIZED
                  00007900    00000046     F2837xD_GlobalVariableDefs.obj (TrigRegsFile)

DmaClaSrcSelRegsFile 
*          1    00007980    0000001a     UNINITIALIZED
                  00007980    0000001a     F2837xD_GlobalVariableDefs.obj (DmaClaSrcSelRegsFile)

EPwmXbarRegsFile 
*          1    00007a00    00000040     UNINITIALIZED
                  00007a00    00000040     F2837xD_GlobalVariableDefs.obj (EPwmXbarRegsFile)

GpioOutXbarRegsFile 
*          1    00007a80    00000040     UNINITIALIZED
                  00007a80    00000040     F2837xD_GlobalVariableDefs.obj (GpioOutXbarRegsFile)

GpioCtrlRegsFile 
*          1    00007c00    00000180     UNINITIALIZED
                  00007c00    00000180     F2837xD_GlobalVariableDefs.obj (GpioCtrlRegsFile)

GpioDataRegsFile 
*          1    00007f00    00000030     UNINITIALIZED
                  00007f00    00000030     F2837xD_GlobalVariableDefs.obj (GpioDataRegsFile)

Emif1RegsFile 
*          1    00047000    00000070     UNINITIALIZED
                  00047000    00000070     F2837xD_GlobalVariableDefs.obj (Emif1RegsFile)

Emif2RegsFile 
*          1    00047800    00000070     UNINITIALIZED
                  00047800    00000070     F2837xD_GlobalVariableDefs.obj (Emif2RegsFile)

IpcRegsFile 
*          1    00050000    00000026     UNINITIALIZED
                  00050000    00000026     F2837xD_GlobalVariableDefs.obj (IpcRegsFile)

DevCfgRegsFile 
*          1    0005d000    0000012e     UNINITIALIZED
                  0005d000    0000012e     F2837xD_GlobalVariableDefs.obj (DevCfgRegsFile)

AnalogSubsysRegsFile 
*          1    0005d180    00000048     UNINITIALIZED
                  0005d180    00000048     F2837xD_GlobalVariableDefs.obj (AnalogSubsysRegsFile)

Cla1SoftIntRegsFile 
*          1    00000ce0    00000004     DSECT
                  00000ce0    00000004     F2837xD_GlobalVariableDefs.obj (Cla1SoftIntRegsFile)

Cmpss1RegsFile 
*          1    00005c80    00000020     UNINITIALIZED
                  00005c80    00000020     F2837xD_GlobalVariableDefs.obj (Cmpss1RegsFile)

Cmpss2RegsFile 
*          1    00005ca0    00000020     UNINITIALIZED
                  00005ca0    00000020     F2837xD_GlobalVariableDefs.obj (Cmpss2RegsFile)

Cmpss3RegsFile 
*          1    00005cc0    00000020     UNINITIALIZED
                  00005cc0    00000020     F2837xD_GlobalVariableDefs.obj (Cmpss3RegsFile)

Cmpss4RegsFile 
*          1    00005ce0    00000020     UNINITIALIZED
                  00005ce0    00000020     F2837xD_GlobalVariableDefs.obj (Cmpss4RegsFile)

Cmpss5RegsFile 
*          1    00005d00    00000020     UNINITIALIZED
                  00005d00    00000020     F2837xD_GlobalVariableDefs.obj (Cmpss5RegsFile)

Cmpss6RegsFile 
*          1    00005d20    00000020     UNINITIALIZED
                  00005d20    00000020     F2837xD_GlobalVariableDefs.obj (Cmpss6RegsFile)

Cmpss7RegsFile 
*          1    00005d40    00000020     UNINITIALIZED
                  00005d40    00000020     F2837xD_GlobalVariableDefs.obj (Cmpss7RegsFile)

Cmpss8RegsFile 
*          1    00005d60    00000020     UNINITIALIZED
                  00005d60    00000020     F2837xD_GlobalVariableDefs.obj (Cmpss8RegsFile)

DcanaRegsFile 
*          1    00048000    00000200     UNINITIALIZED
                  00048000    00000200     F2837xD_GlobalVariableDefs.obj (DcanaRegsFile)

DcanbRegsFile 
*          1    0004a000    00000200     UNINITIALIZED
                  0004a000    00000200     F2837xD_GlobalVariableDefs.obj (DcanbRegsFile)

ClkCfgRegsFile 
*          1    0005d200    00000032     UNINITIALIZED
                  0005d200    00000032     F2837xD_GlobalVariableDefs.obj (ClkCfgRegsFile)

CpuSysRegsFile 
*          1    0005d300    00000082     UNINITIALIZED
                  0005d300    00000082     F2837xD_GlobalVariableDefs.obj (CpuSysRegsFile)

HwbistRegsFile 
*          1    0005e000    000000a2     UNINITIALIZED
                  0005e000    000000a2     F2837xD_GlobalVariableDefs.obj (HwbistRegsFile)

PbistRegsFile 
*          1    0005e200    000001e6     UNINITIALIZED
                  0005e200    000001e6     F2837xD_GlobalVariableDefs.obj (PbistRegsFile)

RomPrefetchRegsFile 
*          1    0005e608    00000002     UNINITIALIZED
                  0005e608    00000002     F2837xD_GlobalVariableDefs.obj (RomPrefetchRegsFile)

DcsmRegsZ1File 
*          1    0005f000    00000024     UNINITIALIZED
                  0005f000    00000024     F2837xD_GlobalVariableDefs.obj (DcsmRegsZ1File)

DcsmRegsZ2File 
*          1    0005f040    00000024     UNINITIALIZED
                  0005f040    00000024     F2837xD_GlobalVariableDefs.obj (DcsmRegsZ2File)

DcsmRegsCommonFile 
*          1    0005f070    00000008     UNINITIALIZED
                  0005f070    00000008     F2837xD_GlobalVariableDefs.obj (DcsmRegsCommonFile)

MemCfgRegsFile 
*          1    0005f400    00000080     UNINITIALIZED
                  0005f400    00000080     F2837xD_GlobalVariableDefs.obj (MemCfgRegsFile)

Emif1ConfigRegsFile 
*          1    0005f480    00000020     UNINITIALIZED
                  0005f480    00000020     F2837xD_GlobalVariableDefs.obj (Emif1ConfigRegsFile)

Emif2ConfigRegsFile 
*          1    0005f4a0    00000020     UNINITIALIZED
                  0005f4a0    00000020     F2837xD_GlobalVariableDefs.obj (Emif2ConfigRegsFile)

AccessProtectionRegsFile 
*          1    0005f4c0    00000040     UNINITIALIZED
                  0005f4c0    00000040     F2837xD_GlobalVariableDefs.obj (AccessProtectionRegsFile)

MemoryErrorRegsFile 
*          1    0005f500    00000040     UNINITIALIZED
                  0005f500    00000040     F2837xD_GlobalVariableDefs.obj (MemoryErrorRegsFile)

RomWaitStateRegsFile 
*          1    0005f540    00000002     UNINITIALIZED
                  0005f540    00000002     F2837xD_GlobalVariableDefs.obj (RomWaitStateRegsFile)

FlashCtrlRegsFile 
*          1    0005f800    00000182     UNINITIALIZED
                  0005f800    00000182     F2837xD_GlobalVariableDefs.obj (FlashCtrlRegsFile)

FlashEccRegsFile 
*          1    0005fb00    00000028     UNINITIALIZED
                  0005fb00    00000028     F2837xD_GlobalVariableDefs.obj (FlashEccRegsFile)

DcsmOtpZ1File 
*          1    00078800    0000001a     UNINITIALIZED
                  00078800    0000001a     F2837xD_GlobalVariableDefs.obj (DcsmOtpZ1File)

DcsmOtpZ2File 
*          1    00078900    0000001a     UNINITIALIZED
                  00078900    0000001a     F2837xD_GlobalVariableDefs.obj (DcsmOtpZ2File)

MODULE SUMMARY

       Module                           code   initialized data   uninitialized data
       ------                           ----   ----------------   ------------------
    .\
       main.obj                         3978   350                286               
    +--+--------------------------------+------+------------------+--------------------+
       Total:                           3978   350                286               
                                                                                    
    .\sources\
       F2837xD_GlobalVariableDefs.obj   0      0                  9725              
       F2837xD_DefaultISR.obj           1423   0                  0                 
       F2837xD_SysCtrl.obj              715    0                  0                 
       F2837xD_Gpio.obj                 688    0                  1                 
       F2837xD_PieVect.obj              38     448                0                 
       F2837xD_struct.obj               0      148                124               
       F2837xD_TempSensorConv.obj       194    0                  6                 
       F2837xD_Ipc.obj                  199    0                  0                 
       F2837xD_CpuTimers.obj            123    0                  24                
       F2837xD_PieCtrl.obj              40     0                  0                 
       F2837xD_CodeStartBranch.obj      10     0                  0                 
       F2837xD_usDelay.obj              8      0                  0                 
       F2837xD_sci_io.obj               0      4                  1                 
    +--+--------------------------------+------+------------------+--------------------+
       Total:                           3438   600                9881              
                                                                                    
    C:/ti/ccsv8/tools/compiler/ti-cgt-c2000_18.1.1.LTS/lib/rts2800_fpu32.lib
       fs_div28.asm.obj                 136    0                  0                 
       s_sinf.c.obj                     88     0                  0                 
       boot28.asm.obj                   86     0                  0                 
       exit.c.obj                       41     14                 6                 
       e_sqrtf.c.obj                    38     0                  0                 
       cpy_tbl.c.obj                    36     0                  0                 
       memcpy.c.obj                     30     0                  0                 
       args_main.c.obj                  25     0                  0                 
       ll_aox28.asm.obj                 24     0                  0                 
       _lock.c.obj                      9      10                 4                 
       memset.c.obj                     12     0                  0                 
       errno.c.obj                      0      4                  1                 
       pre_init.c.obj                   2      0                  0                 
       startup.c.obj                    1      0                  0                 
    +--+--------------------------------+------+------------------+--------------------+
       Total:                           528    28                 11                
                                                                                    
       Stack:                           0      0                  512               
    +--+--------------------------------+------+------------------+--------------------+
       Grand Total:                     7944   978                10690             


GLOBAL DATA SYMBOLS: SORTED BY DATA PAGE

address     data page           name
--------    ----------------    ----
00000b00      2c (00000b00)     _AdcaResultRegs
00000b20      2c (00000b00)     _AdcbResultRegs

00000b40      2d (00000b40)     _AdccResultRegs
00000b60      2d (00000b40)     _AdcdResultRegs

00000c00      30 (00000c00)     _CpuTimer0Regs
00000c08      30 (00000c00)     _CpuTimer1Regs
00000c10      30 (00000c00)     _CpuTimer2Regs

00000ce0      33 (00000cc0)     _Cla1SoftIntRegs
00000ce0      33 (00000cc0)     _PieCtrlRegs

00000d00      34 (00000d00)     _EmuKey
00000d00      34 (00000d00)     _PieVectTable
00000d01      34 (00000d00)     _EmuBMode

00001000      40 (00001000)     _DmaRegs

00001400      50 (00001400)     _Cla1Regs

00004000     100 (00004000)     _EPwm1Regs

00004100     104 (00004100)     _EPwm2Regs

00004200     108 (00004200)     _EPwm3Regs

00004300     10c (00004300)     _EPwm4Regs

00004400     110 (00004400)     _EPwm5Regs

00004500     114 (00004500)     _EPwm6Regs

00004600     118 (00004600)     _EPwm7Regs

00004700     11c (00004700)     _EPwm8Regs

00004800     120 (00004800)     _EPwm9Regs

00004900     124 (00004900)     _EPwm10Regs

00004a00     128 (00004a00)     _EPwm11Regs

00004b00     12c (00004b00)     _EPwm12Regs

00005000     140 (00005000)     _ECap1Regs
00005020     140 (00005000)     _ECap2Regs

00005040     141 (00005040)     _ECap3Regs
00005060     141 (00005040)     _ECap4Regs

00005080     142 (00005080)     _ECap5Regs
000050a0     142 (00005080)     _ECap6Regs

00005100     144 (00005100)     _EQep1Regs

00005140     145 (00005140)     _EQep2Regs

00005180     146 (00005180)     _EQep3Regs

00005c00     170 (00005c00)     _DacaRegs
00005c10     170 (00005c00)     _DacbRegs
00005c20     170 (00005c00)     _DaccRegs

00005c80     172 (00005c80)     _Cmpss1Regs
00005ca0     172 (00005c80)     _Cmpss2Regs

00005cc0     173 (00005cc0)     _Cmpss3Regs
00005ce0     173 (00005cc0)     _Cmpss4Regs

00005d00     174 (00005d00)     _Cmpss5Regs
00005d20     174 (00005d00)     _Cmpss6Regs

00005d40     175 (00005d40)     _Cmpss7Regs
00005d60     175 (00005d40)     _Cmpss8Regs

00005e00     178 (00005e00)     _Sdfm1Regs

00005e80     17a (00005e80)     _Sdfm2Regs

00006000     180 (00006000)     _McbspaRegs

00006040     181 (00006040)     _McbspbRegs

00006100     184 (00006100)     _SpiaRegs
00006110     184 (00006100)     _SpibRegs
00006120     184 (00006100)     _SpicRegs
00006130     184 (00006100)     _SpidRegs

00006200     188 (00006200)     _UppRegs

00007000     1c0 (00007000)     _WdRegs

00007060     1c1 (00007040)     _NmiIntruptRegs
00007070     1c1 (00007040)     _XintRegs

00007200     1c8 (00007200)     _SciaRegs
00007210     1c8 (00007200)     _ScibRegs
00007220     1c8 (00007200)     _ScicRegs
00007230     1c8 (00007200)     _ScidRegs

00007300     1cc (00007300)     _I2caRegs

00007340     1cd (00007340)     _I2cbRegs

00007400     1d0 (00007400)     _AdcaRegs

00007480     1d2 (00007480)     _AdcbRegs

00007500     1d4 (00007500)     _AdccRegs

00007580     1d6 (00007580)     _AdcdRegs

00007900     1e4 (00007900)     _TrigRegs

00007980     1e6 (00007980)     _DmaClaSrcSelRegs

00007a00     1e8 (00007a00)     _EPwmXbarRegs

00007a80     1ea (00007a80)     _OutputXbarRegs

00007c00     1f0 (00007c00)     _GpioCtrlRegs

00007f00     1fc (00007f00)     _GpioDataRegs

00009800     260 (00009800)     __stack

00009a00     268 (00009a00)     _minmax_enable
00009a01     268 (00009a00)     _DSP_Temp_Sensor_adc
00009a02     268 (00009a00)     _counter_minmax
00009a03     268 (00009a00)     _uiDirectonOfRotation
00009a04     268 (00009a00)     _uiUpEventTickValue
00009a05     268 (00009a00)     _uiHighSpeedFlag
00009a06     268 (00009a00)     _Vdc_avg_counter
00009a07     268 (00009a00)     _Vdc_avg_ctr_max
00009a08     268 (00009a00)     _DSP_Temp_Sensor
00009a09     268 (00009a00)     _counter_measurement
00009a0a     268 (00009a00)     _uiAzaltFlag
00009a0b     268 (00009a00)     _uiArtirFlag
00009a0c     268 (00009a00)     _ModulationIndex_M1
00009a0e     268 (00009a00)     _ModulationIndex_M2
00009a10     268 (00009a00)     _Vout_M2_set
00009a12     268 (00009a00)     _Vout_M1_set
00009a14     268 (00009a00)     _Vout_M4_set
00009a16     268 (00009a00)     _spwm_counter
00009a18     268 (00009a00)     _Is_M4_PhC_adc
00009a1a     268 (00009a00)     _epwm2_dutycycle
00009a1c     268 (00009a00)     _epwm1_dutycycle
00009a1e     268 (00009a00)     _ModulationIndex_M3
00009a20     268 (00009a00)     _Vout_M3_set
00009a22     268 (00009a00)     _ModulationIndex_Default
00009a24     268 (00009a00)     _VdcM2_avg
00009a26     268 (00009a00)     _VdcM1_avg_tmp
00009a28     268 (00009a00)     _VdcM3_avg
00009a2a     268 (00009a00)     _VdcM2_avg_tmp
00009a2c     268 (00009a00)     _Is_M1_PhC_min
00009a2e     268 (00009a00)     _Is_M1_PhC_max
00009a30     268 (00009a00)     _VdcM1_avg
00009a32     268 (00009a00)     _Current_TransferFunction
00009a34     268 (00009a00)     _Voltage_TransferFunction
00009a36     268 (00009a00)     _ModulationIndex_M4
00009a38     268 (00009a00)     _Current_Offset
00009a3a     268 (00009a00)     _VdcM3_avg_tmp
00009a3c     268 (00009a00)     _vrefhi_voltage
00009a3e     268 (00009a00)     _VdcM4_avg_tmp

00009a40     269 (00009a40)     _Vout_M1_PhB
00009a42     269 (00009a40)     _Vout_M1_PhA
00009a44     269 (00009a40)     _fVbyfFreqSteps
00009a46     269 (00009a40)     _Vout_M1_PhC
00009a48     269 (00009a40)     _Vout_M1_Vq
00009a4a     269 (00009a40)     _Vout_M1_Vd
00009a4c     269 (00009a40)     _Vout_M1_Vbeta
00009a4e     269 (00009a40)     _Vout_M1_Valfa
00009a50     269 (00009a40)     _fFrequencySaturation
00009a52     269 (00009a40)     _fMotorFundamentalFrequency
00009a54     269 (00009a40)     _fVdc
00009a56     269 (00009a40)     _fAmplitudeModulationIndex
00009a58     269 (00009a40)     _fFrequencyInitial
00009a5a     269 (00009a40)     _fVrated
00009a5c     269 (00009a40)     _VbyF_ma_ToBeApplied
00009a5e     269 (00009a40)     _fFundamentalFrequencyToBeApplied
00009a60     269 (00009a40)     _epwm7_dutycycle
00009a62     269 (00009a40)     _epwm6_dutycycle
00009a64     269 (00009a40)     _epwm9_dutycycle
00009a66     269 (00009a40)     _epwm8_dutycycle
00009a68     269 (00009a40)     _epwm3_dutycycle
00009a6a     269 (00009a40)     _VdcM4_avg
00009a6c     269 (00009a40)     _epwm5_dutycycle
00009a6e     269 (00009a40)     _epwm4_dutycycle
00009a70     269 (00009a40)     _epwm10_dutycycle
00009a72     269 (00009a40)     _Is_M1_Ibeta
00009a74     269 (00009a40)     _Is_M1_Ialfa
00009a76     269 (00009a40)     _Is_M1_Iq
00009a78     269 (00009a40)     _Is_M1_Id
00009a7a     269 (00009a40)     _epwm12_dutycycle
00009a7c     269 (00009a40)     _epwm11_dutycycle
00009a7e     269 (00009a40)     _PI_Vdc_M1_Error

00009a80     26a (00009a80)     _Vdc_set
00009a82     26a (00009a80)     _Vdc_M4
00009a84     26a (00009a80)     _Is_M1_PhA
00009a86     26a (00009a80)     _Vdc_M3
00009a88     26a (00009a80)     _Vdc_M1
00009a8a     26a (00009a80)     _Vdc_M2
00009a8c     26a (00009a80)     _Is_M2_PhB
00009a8e     26a (00009a80)     _Is_M2_PhC
00009a90     26a (00009a80)     _Is_M2_PhA
00009a92     26a (00009a80)     _Is_M1_PhB
00009a94     26a (00009a80)     _Is_M1_PhC
00009a96     26a (00009a80)     _fAngularElectricalSpeed
00009a98     26a (00009a80)     _fAngularMechanicalSpeed
00009a9a     26a (00009a80)     _fAngularMechanicalSpeedRPM
00009a9c     26a (00009a80)     _ulPOSCNTPrevious
00009a9e     26a (00009a80)     _fAngularMechanicalPositionPrevious
00009aa0     26a (00009a80)     _fDeltaAngularMechanicalPosition
00009aa2     26a (00009a80)     _uiPositionTotalCounted
00009aa4     26a (00009a80)     _fAngularElectricalPosition
00009aa6     26a (00009a80)     _uiPositionLatchedPrevious
00009aa8     26a (00009a80)     _fAngularMechanicalSpeedPrevious
00009aaa     26a (00009a80)     _uiPositionLatched
00009aac     26a (00009a80)     _fAngularMechanicalPosition
00009aae     26a (00009a80)     _Is_M2_PhC_adc
00009ab0     26a (00009a80)     _Is_M3_PhA_adc
00009ab2     26a (00009a80)     _Is_M2_PhB_adc
00009ab4     26a (00009a80)     _Is_M1_PhC_adc
00009ab6     26a (00009a80)     _Is_M2_PhA_adc
00009ab8     26a (00009a80)     _Is_M4_PhB_adc
00009aba     26a (00009a80)     _Is_M4_PhA_adc
00009abc     26a (00009a80)     _Is_M3_PhB_adc
00009abe     26a (00009a80)     _Is_M3_PhC_adc

00009ac0     26b (00009ac0)     _Is_M1_PhB_adc
00009ac2     26b (00009ac0)     _Is_M4_PhB
00009ac4     26b (00009ac0)     _Is_M4_PhC
00009ac6     26b (00009ac0)     _Is_M4_PhA
00009ac8     26b (00009ac0)     _Is_M3_PhB
00009aca     26b (00009ac0)     _Is_M3_PhC
00009acc     26b (00009ac0)     _Vdc_M4_adc
00009ace     26b (00009ac0)     _Is_M1_PhA_adc
00009ad0     26b (00009ac0)     _Vdc_M3_adc
00009ad2     26b (00009ac0)     _Vdc_M1_adc
00009ad4     26b (00009ac0)     _Vdc_M2_adc
00009ad6     26b (00009ac0)     _Is_M3_PhA
00009ad8     26b (00009ac0)     _PI_Vdc_M1_Out
00009adc     26b (00009ac0)     _park_Is_M1
00009ae6     26b (00009ac0)     _clarke_Is_M1
00009af0     26b (00009ac0)     _inverseclarke_Vout_M1

00009b00     26c (00009b00)     _inversepark_Vout_M1
00009b0a     26c (00009b00)     _picontroller_Vdc_M1
00009b1e     26c (00009b00)     _CpuTimer1
00009b26     26c (00009b00)     _CpuTimer2
00009b2e     26c (00009b00)     _CpuTimer0
00009b36     26c (00009b00)     _tempSensor_tempOffset
00009b38     26c (00009b00)     _tempSensor_scaleFactor
00009b3a     26c (00009b00)     _tempSensor_tempSlope
00009b3c     26c (00009b00)     __lock
00009b3e     26c (00009b00)     __unlock

00009b40     26d (00009b40)     _MCBSP
00009b44     26d (00009b40)     _I2C
00009b48     26d (00009b40)     _SCI
00009b4c     26d (00009b40)     _SDFM
00009b52     26d (00009b40)     _SPI
00009b5a     26d (00009b40)     _EQEP
00009b62     26d (00009b40)     _ADC
00009b6c     26d (00009b40)     _ECAP

00009b80     26e (00009b80)     _EPWM
00009b9a     26e (00009b80)     _TRIP_SEL
00009bbd     26e (00009b80)     _deviceOpen
00009bbe     26e (00009b80)     _errno

00009bc0     26f (00009bc0)     ___TI_enable_exit_profile_output
00009bc2     26f (00009bc0)     ___TI_cleanup_ptr
00009bc4     26f (00009bc0)     ___TI_dtors_ptr

00047000    11c0 (00047000)     _Emif1Regs

00047800    11e0 (00047800)     _Emif2Regs

00048000    1200 (00048000)     _DcanaRegs

0004a000    1280 (0004a000)     _DcanbRegs

00050000    1400 (00050000)     _IpcRegs

0005d000    1740 (0005d000)     _DevCfgRegs

0005d180    1746 (0005d180)     _AnalogSubsysRegs

0005d200    1748 (0005d200)     _ClkCfgRegs

0005d300    174c (0005d300)     _CpuSysRegs

0005e000    1780 (0005e000)     _HwbistRegs

0005e200    1788 (0005e200)     _PbistRegs

0005e608    1798 (0005e600)     _RomPrefetchRegs

0005f000    17c0 (0005f000)     _DcsmZ1Regs

0005f040    17c1 (0005f040)     _DcsmZ2Regs
0005f070    17c1 (0005f040)     _DcsmCommonRegs

0005f400    17d0 (0005f400)     _MemCfgRegs

0005f480    17d2 (0005f480)     _Emif1ConfigRegs
0005f4a0    17d2 (0005f480)     _Emif2ConfigRegs

0005f4c0    17d3 (0005f4c0)     _AccessProtectionRegs

0005f500    17d4 (0005f500)     _MemoryErrorRegs

0005f540    17d5 (0005f540)     _RomWaitStateRegs

0005f800    17e0 (0005f800)     _FlashCtrlRegs

0005fb00    17ec (0005fb00)     _FlashEccRegs

00078800    1e20 (00078800)     _DcsmZ1Otp

00078900    1e24 (00078900)     _DcsmZ2Otp

00084000    2100 (00084000)     _PieVectTableInit


GLOBAL SYMBOLS: SORTED ALPHABETICALLY BY Name 

page  address   name                               
----  -------   ----                               
0     00088000  .text                              
0     00089d84  C$$EXIT                            
0     00089b52  FS$$DIV                            
0     00089e7d  LL$$AND                            
0     00089e85  LL$$OR                             
0     00089e8d  LL$$XOR                            
1     00009b62  _ADC                               
0     00089048  _ADCA1_ISR                         
0     000892c8  _ADCA2_ISR                         
0     000892d2  _ADCA3_ISR                         
0     000892dc  _ADCA4_ISR                         
0     000892be  _ADCA_EVT_ISR                      
0     00089052  _ADCB1_ISR                         
0     000892f0  _ADCB2_ISR                         
0     000892fa  _ADCB3_ISR                         
0     00089304  _ADCB4_ISR                         
0     000892e6  _ADCB_EVT_ISR                      
0     0008905c  _ADCC1_ISR                         
0     00089462  _ADCC2_ISR                         
0     0008946c  _ADCC3_ISR                         
0     00089476  _ADCC4_ISR                         
0     00089458  _ADCC_EVT_ISR                      
0     0008907a  _ADCD1_ISR                         
0     0008948a  _ADCD2_ISR                         
0     00089494  _ADCD3_ISR                         
0     0008949e  _ADCD4_ISR                         
0     00089480  _ADCD_EVT_ISR                      
0     000894da  _AUX_PLL_SLIP_ISR                  
1     0005f4c0  _AccessProtectionRegs              
0     00089a3a  _AckIpcFlag                        
1     00007400  _AdcaRegs                          
1     00000b00  _AdcaResultRegs                    
1     00007480  _AdcbRegs                          
1     00000b20  _AdcbResultRegs                    
1     00007500  _AdccRegs                          
1     00000b40  _AdccResultRegs                    
1     00007580  _AdcdRegs                          
1     00000b60  _AdcdResultRegs                    
1     0005d180  _AnalogSubsysRegs                  
0     0008975e  _AuxAuxClkSel                      
0     00089748  _AuxIntOsc2Sel                     
0     00089752  _AuxXtalOscSel                     
0     0008930e  _CLA1_1_ISR                        
0     00089318  _CLA1_2_ISR                        
0     00089322  _CLA1_3_ISR                        
0     0008932c  _CLA1_4_ISR                        
0     00089336  _CLA1_5_ISR                        
0     00089340  _CLA1_6_ISR                        
0     0008934a  _CLA1_7_ISR                        
0     00089354  _CLA1_8_ISR                        
0     000894e4  _CLA_OVERFLOW_ISR                  
0     000894ee  _CLA_UNDERFLOW_ISR                 
0     00089a44  _CancelIpcFlag                     
1     00001400  _Cla1Regs                          
0     00000ce0  _Cla1SoftIntRegs                   
1     0005d200  _ClkCfgRegs                        
1     00005c80  _Cmpss1Regs                        
1     00005ca0  _Cmpss2Regs                        
1     00005cc0  _Cmpss3Regs                        
1     00005ce0  _Cmpss4Regs                        
1     00005d00  _Cmpss5Regs                        
1     00005d20  _Cmpss6Regs                        
1     00005d40  _Cmpss7Regs                        
1     00005d60  _Cmpss8Regs                        
0     00089c9c  _ConfigCpuTimer                    
1     0005d300  _CpuSysRegs                        
1     00009b2e  _CpuTimer0                         
1     00000c00  _CpuTimer0Regs                     
1     00009b1e  _CpuTimer1                         
1     00000c08  _CpuTimer1Regs                     
1     00009b26  _CpuTimer2                         
1     00000c10  _CpuTimer2Regs                     
0     000896ff  _CsmUnlock                         
1     00009a38  _Current_Offset                    
1     00009a32  _Current_TransferFunction          
0     00088f9e  _DATALOG_ISR                       
0     00089296  _DCANA_1_ISR                       
0     000892a0  _DCANA_2_ISR                       
0     000892aa  _DCANB_1_ISR                       
0     000892b4  _DCANB_2_ISR                       
0     000891e2  _DMA_CH1_ISR                       
0     000891ec  _DMA_CH2_ISR                       
0     000891f6  _DMA_CH3_ISR                       
0     00089200  _DMA_CH4_ISR                       
0     0008920a  _DMA_CH5_ISR                       
0     00089214  _DMA_CH6_ISR                       
1     00009a08  _DSP_Temp_Sensor                   
1     00009a01  _DSP_Temp_Sensor_adc               
1     00005c00  _DacaRegs                          
1     00005c10  _DacbRegs                          
1     00005c20  _DaccRegs                          
1     00048000  _DcanaRegs                         
1     0004a000  _DcanbRegs                         
1     0005f070  _DcsmCommonRegs                    
1     00078800  _DcsmZ1Otp                         
1     0005f000  _DcsmZ1Regs                        
1     00078900  _DcsmZ2Otp                         
1     0005f040  _DcsmZ2Regs                        
1     0005d000  _DevCfgRegs                        
0     000895d7  _DisableDog                        
1     00007980  _DmaClaSrcSelRegs                  
1     00001000  _DmaRegs                           
1     00009b6c  _ECAP                              
0     00089138  _ECAP1_ISR                         
0     00089142  _ECAP2_ISR                         
0     0008914c  _ECAP3_ISR                         
0     00089156  _ECAP4_ISR                         
0     00089160  _ECAP5_ISR                         
0     0008916a  _ECAP6_ISR                         
1     00005000  _ECap1Regs                         
1     00005020  _ECap2Regs                         
1     00005040  _ECap3Regs                         
1     00005060  _ECap4Regs                         
1     00005080  _ECap5Regs                         
1     000050a0  _ECap6Regs                         
0     000894a8  _EMIF_ERROR_ISR                    
0     00089502  _EMPTY_ISR                         
0     00088fb2  _EMU_ISR                           
1     00009b80  _EPWM                              
0     000893fe  _EPWM10_ISR                        
0     000893d6  _EPWM10_TZ_ISR                     
0     00089408  _EPWM11_ISR                        
0     000893e0  _EPWM11_TZ_ISR                     
0     00089412  _EPWM12_ISR                        
0     000893ea  _EPWM12_TZ_ISR                     
0     000890e8  _EPWM1_ISR                         
0     00089098  _EPWM1_TZ_ISR                      
0     000890f2  _EPWM2_ISR                         
0     000890a2  _EPWM2_TZ_ISR                      
0     000890fc  _EPWM3_ISR                         
0     000890ac  _EPWM3_TZ_ISR                      
0     00089106  _EPWM4_ISR                         
0     000890b6  _EPWM4_TZ_ISR                      
0     00089110  _EPWM5_ISR                         
0     000890c0  _EPWM5_TZ_ISR                      
0     0008911a  _EPWM6_ISR                         
0     000890ca  _EPWM6_TZ_ISR                      
0     00089124  _EPWM7_ISR                         
0     000890d4  _EPWM7_TZ_ISR                      
0     0008912e  _EPWM8_ISR                         
0     000890de  _EPWM8_TZ_ISR                      
0     000893f4  _EPWM9_ISR                         
0     000893cc  _EPWM9_TZ_ISR                      
1     00004900  _EPwm10Regs                        
1     00004a00  _EPwm11Regs                        
1     00004b00  _EPwm12Regs                        
1     00004000  _EPwm1Regs                         
1     00004100  _EPwm2Regs                         
1     00004200  _EPwm3Regs                         
1     00004300  _EPwm4Regs                         
1     00004400  _EPwm5Regs                         
1     00004500  _EPwm6Regs                         
1     00004600  _EPwm7Regs                         
1     00004700  _EPwm8Regs                         
1     00004800  _EPwm9Regs                         
1     00007a00  _EPwmXbarRegs                      
1     00009b5a  _EQEP                              
0     00089174  _EQEP1_ISR                         
0     0008917e  _EQEP2_ISR                         
0     00089188  _EQEP3_ISR                         
1     00005100  _EQep1Regs                         
1     00005140  _EQep2Regs                         
1     00005180  _EQep3Regs                         
1     0005f480  _Emif1ConfigRegs                   
1     00047000  _Emif1Regs                         
1     0005f4a0  _Emif2ConfigRegs                   
1     00047800  _Emif2Regs                         
1     00000d01  _EmuBMode                          
1     00000d00  _EmuKey                            
0     00089dcc  _EnableInterrupts                  
0     00008025  _F28x_usDelay                      
0     000894bc  _FLASH_CORRECTABLE_ERROR_ISR       
0     00089390  _FPU_OVERFLOW_ISR                  
0     0008939a  _FPU_UNDERFLOW_ISR                 
0     00089a13  _FillIpcSendData                   
1     0005f800  _FlashCtrlRegs                     
1     0005fb00  _FlashEccRegs                      
0     00089952  _GPIO_ReadPin                      
0     00089987  _GPIO_SelectIpcInt                 
0     000898f7  _GPIO_SetupLock                    
0     000897d7  _GPIO_SetupPinMux                  
0     00089863  _GPIO_SetupPinOptions              
0     00089920  _GPIO_SetupXINT1Gpio               
0     0008992a  _GPIO_SetupXINT2Gpio               
0     00089934  _GPIO_SetupXINT3Gpio               
0     0008993e  _GPIO_SetupXINT4Gpio               
0     00089948  _GPIO_SetupXINT5Gpio               
0     00089969  _GPIO_WritePin                     
0     00089add  _GetTemperatureC                   
0     00089b1b  _GetTemperatureK                   
1     00007c00  _GpioCtrlRegs                      
1     00007f00  _GpioDataRegs                      
0     000880c3  _Gpio_Select                       
0     0008977c  _HALT                              
0     0008978c  _HIB                               
1     0005e000  _HwbistRegs                        
1     00009b44  _I2C                               
0     00089228  _I2CA_FIFO_ISR                     
0     0008921e  _I2CA_ISR                          
0     0008923c  _I2CB_FIFO_ISR                     
0     00089232  _I2CB_ISR                          
1     00007300  _I2caRegs                          
1     00007340  _I2cbRegs                          
0     00089768  _IDLE                              
0     00088fc6  _ILLEGAL_ISR                       
0     000893a4  _IPC1_ISR                          
0     000893ae  _IPC2_ISR                          
0     000893b8  _IPC3_ISR                          
0     000893c2  _IPC4_ISR                          
0     00089679  _InitAuxPll                        
0     00089c5b  _InitCpuTimers                     
0     00088507  _InitEpwm1                         
0     0008875e  _InitEpwm10                        
0     0008879e  _InitEpwm11                        
0     000887de  _InitEpwm12                        
0     00088552  _InitEpwm2                         
0     0008859e  _InitEpwm3                         
0     000885de  _InitEpwm4                         
0     0008861e  _InitEpwm5                         
0     0008865e  _InitEpwm6                         
0     0008869e  _InitEpwm7                         
0     000886de  _InitEpwm8                         
0     0008871e  _InitEpwm9                         
0     00008000  _InitFlash                         
0     0008979a  _InitGpio                          
0     000899c9  _InitIpc                           
0     00089545  _InitPeripheralClocks              
0     00089dad  _InitPieCtrl                       
0     00089dd5  _InitPieVectTable                  
0     00089519  _InitSysCtrl                       
0     000895e5  _InitSysPll                        
0     00088289  _InitSystem                        
0     00089a90  _InitTempSensor                    
1     00050000  _IpcRegs                           
0     00089a68  _IpcSync                           
1     00009a74  _Is_M1_Ialfa                       
1     00009a72  _Is_M1_Ibeta                       
1     00009a78  _Is_M1_Id                          
1     00009a76  _Is_M1_Iq                          
1     00009a84  _Is_M1_PhA                         
1     00009ace  _Is_M1_PhA_adc                     
1     00009a92  _Is_M1_PhB                         
1     00009ac0  _Is_M1_PhB_adc                     
1     00009a94  _Is_M1_PhC                         
1     00009ab4  _Is_M1_PhC_adc                     
1     00009a2e  _Is_M1_PhC_max                     
1     00009a2c  _Is_M1_PhC_min                     
1     00009a90  _Is_M2_PhA                         
1     00009ab6  _Is_M2_PhA_adc                     
1     00009a8c  _Is_M2_PhB                         
1     00009ab2  _Is_M2_PhB_adc                     
1     00009a8e  _Is_M2_PhC                         
1     00009aae  _Is_M2_PhC_adc                     
1     00009ad6  _Is_M3_PhA                         
1     00009ab0  _Is_M3_PhA_adc                     
1     00009ac8  _Is_M3_PhB                         
1     00009abc  _Is_M3_PhB_adc                     
1     00009aca  _Is_M3_PhC                         
1     00009abe  _Is_M3_PhC_adc                     
1     00009ac6  _Is_M4_PhA                         
1     00009aba  _Is_M4_PhA_adc                     
1     00009ac2  _Is_M4_PhB                         
1     00009ab8  _Is_M4_PhB_adc                     
1     00009ac4  _Is_M4_PhC                         
1     00009a18  _Is_M4_PhC_adc                     
1     00009b40  _MCBSP                             
0     000891ba  _MCBSPA_RX_ISR                     
0     000891c4  _MCBSPA_TX_ISR                     
0     000891ce  _MCBSPB_RX_ISR                     
0     000891d8  _MCBSPB_TX_ISR                     
1     00006000  _McbspaRegs                        
1     00006040  _McbspbRegs                        
1     0005f400  _MemCfgRegs                        
1     0005f500  _MemoryErrorRegs                   
1     00009a22  _ModulationIndex_Default           
1     00009a0c  _ModulationIndex_M1                
1     00009a0e  _ModulationIndex_M2                
1     00009a1e  _ModulationIndex_M3                
1     00009a36  _ModulationIndex_M4                
0     00088fbc  _NMI_ISR                           
0     0008950f  _NOTUSED_ISR                       
1     00007060  _NmiIntruptRegs                    
1     00007a80  _OutputXbarRegs                    
0     0008937c  _PBIST_ISR                         
0     000894f8  _PIE_RESERVED_ISR                  
1     00009a7e  _PI_Vdc_M1_Error                   
1     00009ad8  _PI_Vdc_M1_Out                     
1     0005e200  _PbistRegs                         
1     00000ce0  _PieCtrlRegs                       
1     00000d00  _PieVectTable                      
0     00084000  _PieVectTableInit                  
0     00088295  _PositionSpeedCalculate            
0     000894c6  _RAM_ACCESS_VIOLATION_ISR          
0     000894b2  _RAM_CORRECTABLE_ERROR_ISR         
0     00088fa8  _RTOS_ISR                          
0     0008a0f1  _RamfuncsLoadEnd                   
abs   00000029  _RamfuncsLoadSize                  
0     0008a0c8  _RamfuncsLoadStart                 
0     00008029  _RamfuncsRunEnd                    
abs   00000029  _RamfuncsRunSize                   
0     00008000  _RamfuncsRunStart                  
0     000899d7  _ReadIpcTimer                      
0     00089a02  _RecvIpcData                       
0     00089a86  _ReleaseFlashPump                  
1     0005e608  _RomPrefetchRegs                   
1     0005f540  _RomWaitStateRegs                  
1     00009b48  _SCI                               
0     0008926e  _SCIA_RX_ISR                       
0     00089278  _SCIA_TX_ISR                       
0     00089282  _SCIB_RX_ISR                       
0     0008928c  _SCIB_TX_ISR                       
0     00089246  _SCIC_RX_ISR                       
0     00089250  _SCIC_TX_ISR                       
0     0008925a  _SCID_RX_ISR                       
0     00089264  _SCID_TX_ISR                       
0     0008941c  _SD1_ISR                           
0     00089426  _SD2_ISR                           
1     00009b4c  _SDFM                              
1     00009b52  _SPI                               
0     00089192  _SPIA_RX_ISR                       
0     0008919c  _SPIA_TX_ISR                       
0     000891a6  _SPIB_RX_ISR                       
0     000891b0  _SPIB_TX_ISR                       
0     00089430  _SPIC_RX_ISR                       
0     0008943a  _SPIC_TX_ISR                       
0     00089771  _STANDBY                           
0     000894d0  _SYS_PLL_SLIP_ISR                  
1     00007200  _SciaRegs                          
1     00007210  _ScibRegs                          
1     00007220  _ScicRegs                          
1     00007230  _ScidRegs                          
1     00005e00  _Sdfm1Regs                         
1     00005e80  _Sdfm2Regs                         
0     00089a77  _SeizeFlashPump                    
0     00089a1f  _SendIpcCommand                    
0     000899eb  _SendIpcData                       
0     00089a30  _SendIpcFlag                       
0     000895c9  _ServiceDog                        
0     000882f4  _Setup_ADC                         
0     000884ba  _Setup_EQEP                        
1     00006100  _SpiaRegs                          
1     00006110  _SpibRegs                          
1     00006120  _SpicRegs                          
1     00006130  _SpidRegs                          
0     00089720  _SysIntOsc1Sel                     
0     0008972e  _SysIntOsc2Sel                     
0     0008973a  _SysXtalOscSel                     
0     00089084  _TIMER0_ISR                        
0     00088f8a  _TIMER1_ISR                        
0     00088f94  _TIMER2_ISR                        
1     00009b9a  _TRIP_SEL                          
1     00007900  _TrigRegs                          
0     00089444  _UPPA_ISR                          
0     0008944e  _USBA_ISR                          
0     0008902a  _USER10_ISR                        
0     00089034  _USER11_ISR                        
0     0008903e  _USER12_ISR                        
0     00088fd0  _USER1_ISR                         
0     00088fda  _USER2_ISR                         
0     00088fe4  _USER3_ISR                         
0     00088fee  _USER4_ISR                         
0     00088ff8  _USER5_ISR                         
0     00089002  _USER6_ISR                         
0     0008900c  _USER7_ISR                         
0     00089016  _USER8_ISR                         
0     00089020  _USER9_ISR                         
1     00006200  _UppRegs                           
0     0008881a  _VBYFSetup                         
0     00089386  _VCU_ISR                           
1     00009a5c  _VbyF_ma_ToBeApplied               
1     00009a30  _VdcM1_avg                         
1     00009a26  _VdcM1_avg_tmp                     
1     00009a24  _VdcM2_avg                         
1     00009a2a  _VdcM2_avg_tmp                     
1     00009a28  _VdcM3_avg                         
1     00009a3a  _VdcM3_avg_tmp                     
1     00009a6a  _VdcM4_avg                         
1     00009a3e  _VdcM4_avg_tmp                     
1     00009a88  _Vdc_M1                            
1     00009ad2  _Vdc_M1_adc                        
1     00009a8a  _Vdc_M2                            
1     00009ad4  _Vdc_M2_adc                        
1     00009a86  _Vdc_M3                            
1     00009ad0  _Vdc_M3_adc                        
1     00009a82  _Vdc_M4                            
1     00009acc  _Vdc_M4_adc                        
1     00009a06  _Vdc_avg_counter                   
1     00009a07  _Vdc_avg_ctr_max                   
1     00009a80  _Vdc_set                           
1     00009a34  _Voltage_TransferFunction          
1     00009a42  _Vout_M1_PhA                       
1     00009a40  _Vout_M1_PhB                       
1     00009a46  _Vout_M1_PhC                       
1     00009a4e  _Vout_M1_Valfa                     
1     00009a4c  _Vout_M1_Vbeta                     
1     00009a4a  _Vout_M1_Vd                        
1     00009a48  _Vout_M1_Vq                        
1     00009a12  _Vout_M1_set                       
1     00009a10  _Vout_M2_set                       
1     00009a20  _Vout_M3_set                       
1     00009a14  _Vout_M4_set                       
0     0008908e  _WAKE_ISR                          
0     00089a5b  _WaitForIpcAck                     
0     00089a4e  _WaitForIpcFlag                    
1     00007000  _WdRegs                            
0     00089066  _XINT1_ISR                         
0     00089070  _XINT2_ISR                         
0     0008935e  _XINT3_ISR                         
0     00089368  _XINT4_ISR                         
0     00089372  _XINT5_ISR                         
1     00007070  _XintRegs                          
1     00009a00  __STACK_END                        
abs   00000200  __STACK_SIZE                       
1     00009bc2  ___TI_cleanup_ptr                  
1     00009bc4  ___TI_dtors_ptr                    
1     00009bc0  ___TI_enable_exit_profile_output   
abs   ffffffff  ___TI_pprof_out_hndl               
abs   ffffffff  ___TI_prof_data_size               
abs   ffffffff  ___TI_prof_data_start              
abs   ffffffff  ___binit__                         
abs   ffffffff  ___c_args__                        
0     00089eb4  ___cinit__                         
0     00089eb4  ___etext__                         
abs   ffffffff  ___pinit__                         
0     00088000  ___text__                          
0     00089e64  __args_main                        
1     00009b3c  __lock                             
0     00089ea9  __nop                              
0     00089ea5  __register_lock                    
0     00089ea1  __register_unlock                  
1     00009800  __stack                            
0     00089dfb  __system_post_cinit                
0     00089eb2  __system_pre_init                  
1     00009b3e  __unlock                           
0     00089d84  _abort                             
0     00088a93  _adc1_isr                          
0     00088b5b  _adc2_isr                          
0     00089d2e  _c_int00                           
1     00009ae6  _clarke_Is_M1                      
0     00089e22  _copy_in                           
1     00009a09  _counter_measurement               
1     00009a02  _counter_minmax                    
0     00088884  _cpu_timer0_isr                    
0     000889c9  _cpu_timer1_isr                    
0     0008889e  _cpu_timer2_isr                    
1     00009bbd  _deviceOpen                        
1     00009a70  _epwm10_dutycycle                  
1     00009a7c  _epwm11_dutycycle                  
1     00009a7a  _epwm12_dutycycle                  
1     00009a1c  _epwm1_dutycycle                   
0     000888b0  _epwm1_isr                         
1     00009a1a  _epwm2_dutycycle                   
1     00009a68  _epwm3_dutycycle                   
1     00009a6e  _epwm4_dutycycle                   
1     00009a6c  _epwm5_dutycycle                   
1     00009a62  _epwm6_dutycycle                   
1     00009a60  _epwm7_dutycycle                   
1     00009a66  _epwm8_dutycycle                   
1     00009a64  _epwm9_dutycycle                   
1     00009bbe  _errno                             
0     00089d86  _exit                              
1     00009a56  _fAmplitudeModulationIndex         
1     00009aa4  _fAngularElectricalPosition        
1     00009a96  _fAngularElectricalSpeed           
1     00009aac  _fAngularMechanicalPosition        
1     00009a9e  _fAngularMechanicalPositionPrevious
1     00009a98  _fAngularMechanicalSpeed           
1     00009aa8  _fAngularMechanicalSpeedPrevious   
1     00009a9a  _fAngularMechanicalSpeedRPM        
1     00009aa0  _fDeltaAngularMechanicalPosition   
1     00009a58  _fFrequencyInitial                 
1     00009a50  _fFrequencySaturation              
1     00009a5e  _fFundamentalFrequencyToBeApplied  
1     00009a52  _fMotorFundamentalFrequency        
1     00009a44  _fVbyfFreqSteps                    
1     00009a54  _fVdc                              
1     00009a5a  _fVrated                           
1     00009af0  _inverseclarke_Vout_M1             
1     00009b00  _inversepark_Vout_M1               
0     00088f74  _isr_Decrement_freq                
0     00088f5e  _isr_Increment_freq                
0     00088000  _main                              
0     00089e46  _memcpy                            
0     00089e95  _memset                            
1     00009a00  _minmax_enable                     
1     00009adc  _park_Is_M1                        
1     00009b0a  _picontroller_Vdc_M1               
0     00089cd6  _sin                               
0     00089cd6  _sinf                              
1     00009a16  _spwm_counter                      
0     00089dfc  _sqrt                              
0     00089dfc  _sqrtf                             
1     00009b38  _tempSensor_scaleFactor            
1     00009b36  _tempSensor_tempOffset             
1     00009b3a  _tempSensor_tempSlope              
1     00009a0b  _uiArtirFlag                       
1     00009a0a  _uiAzaltFlag                       
1     00009a03  _uiDirectonOfRotation              
1     00009a05  _uiHighSpeedFlag                   
1     00009aaa  _uiPositionLatched                 
1     00009aa6  _uiPositionLatchedPrevious         
1     00009aa2  _uiPositionTotalCounted            
1     00009a04  _uiUpEventTickValue                
1     00009a9c  _ulPOSCNTPrevious                  
1     00009a3c  _vrefhi_voltage                    
abs   ffffffff  binit                              
0     00089eb4  cinit                              
0     00080000  code_start                         
0     00089eb4  etext                              
abs   ffffffff  pinit                              


GLOBAL SYMBOLS: SORTED BY Symbol Address 

page  address   name                               
----  -------   ----                               
0     00000ce0  _Cla1SoftIntRegs                   
0     00008000  _InitFlash                         
0     00008000  _RamfuncsRunStart                  
0     00008025  _F28x_usDelay                      
0     00008029  _RamfuncsRunEnd                    
0     00080000  code_start                         
0     00084000  _PieVectTableInit                  
0     00088000  .text                              
0     00088000  ___text__                          
0     00088000  _main                              
0     000880c3  _Gpio_Select                       
0     00088289  _InitSystem                        
0     00088295  _PositionSpeedCalculate            
0     000882f4  _Setup_ADC                         
0     000884ba  _Setup_EQEP                        
0     00088507  _InitEpwm1                         
0     00088552  _InitEpwm2                         
0     0008859e  _InitEpwm3                         
0     000885de  _InitEpwm4                         
0     0008861e  _InitEpwm5                         
0     0008865e  _InitEpwm6                         
0     0008869e  _InitEpwm7                         
0     000886de  _InitEpwm8                         
0     0008871e  _InitEpwm9                         
0     0008875e  _InitEpwm10                        
0     0008879e  _InitEpwm11                        
0     000887de  _InitEpwm12                        
0     0008881a  _VBYFSetup                         
0     00088884  _cpu_timer0_isr                    
0     0008889e  _cpu_timer2_isr                    
0     000888b0  _epwm1_isr                         
0     000889c9  _cpu_timer1_isr                    
0     00088a93  _adc1_isr                          
0     00088b5b  _adc2_isr                          
0     00088f5e  _isr_Increment_freq                
0     00088f74  _isr_Decrement_freq                
0     00088f8a  _TIMER1_ISR                        
0     00088f94  _TIMER2_ISR                        
0     00088f9e  _DATALOG_ISR                       
0     00088fa8  _RTOS_ISR                          
0     00088fb2  _EMU_ISR                           
0     00088fbc  _NMI_ISR                           
0     00088fc6  _ILLEGAL_ISR                       
0     00088fd0  _USER1_ISR                         
0     00088fda  _USER2_ISR                         
0     00088fe4  _USER3_ISR                         
0     00088fee  _USER4_ISR                         
0     00088ff8  _USER5_ISR                         
0     00089002  _USER6_ISR                         
0     0008900c  _USER7_ISR                         
0     00089016  _USER8_ISR                         
0     00089020  _USER9_ISR                         
0     0008902a  _USER10_ISR                        
0     00089034  _USER11_ISR                        
0     0008903e  _USER12_ISR                        
0     00089048  _ADCA1_ISR                         
0     00089052  _ADCB1_ISR                         
0     0008905c  _ADCC1_ISR                         
0     00089066  _XINT1_ISR                         
0     00089070  _XINT2_ISR                         
0     0008907a  _ADCD1_ISR                         
0     00089084  _TIMER0_ISR                        
0     0008908e  _WAKE_ISR                          
0     00089098  _EPWM1_TZ_ISR                      
0     000890a2  _EPWM2_TZ_ISR                      
0     000890ac  _EPWM3_TZ_ISR                      
0     000890b6  _EPWM4_TZ_ISR                      
0     000890c0  _EPWM5_TZ_ISR                      
0     000890ca  _EPWM6_TZ_ISR                      
0     000890d4  _EPWM7_TZ_ISR                      
0     000890de  _EPWM8_TZ_ISR                      
0     000890e8  _EPWM1_ISR                         
0     000890f2  _EPWM2_ISR                         
0     000890fc  _EPWM3_ISR                         
0     00089106  _EPWM4_ISR                         
0     00089110  _EPWM5_ISR                         
0     0008911a  _EPWM6_ISR                         
0     00089124  _EPWM7_ISR                         
0     0008912e  _EPWM8_ISR                         
0     00089138  _ECAP1_ISR                         
0     00089142  _ECAP2_ISR                         
0     0008914c  _ECAP3_ISR                         
0     00089156  _ECAP4_ISR                         
0     00089160  _ECAP5_ISR                         
0     0008916a  _ECAP6_ISR                         
0     00089174  _EQEP1_ISR                         
0     0008917e  _EQEP2_ISR                         
0     00089188  _EQEP3_ISR                         
0     00089192  _SPIA_RX_ISR                       
0     0008919c  _SPIA_TX_ISR                       
0     000891a6  _SPIB_RX_ISR                       
0     000891b0  _SPIB_TX_ISR                       
0     000891ba  _MCBSPA_RX_ISR                     
0     000891c4  _MCBSPA_TX_ISR                     
0     000891ce  _MCBSPB_RX_ISR                     
0     000891d8  _MCBSPB_TX_ISR                     
0     000891e2  _DMA_CH1_ISR                       
0     000891ec  _DMA_CH2_ISR                       
0     000891f6  _DMA_CH3_ISR                       
0     00089200  _DMA_CH4_ISR                       
0     0008920a  _DMA_CH5_ISR                       
0     00089214  _DMA_CH6_ISR                       
0     0008921e  _I2CA_ISR                          
0     00089228  _I2CA_FIFO_ISR                     
0     00089232  _I2CB_ISR                          
0     0008923c  _I2CB_FIFO_ISR                     
0     00089246  _SCIC_RX_ISR                       
0     00089250  _SCIC_TX_ISR                       
0     0008925a  _SCID_RX_ISR                       
0     00089264  _SCID_TX_ISR                       
0     0008926e  _SCIA_RX_ISR                       
0     00089278  _SCIA_TX_ISR                       
0     00089282  _SCIB_RX_ISR                       
0     0008928c  _SCIB_TX_ISR                       
0     00089296  _DCANA_1_ISR                       
0     000892a0  _DCANA_2_ISR                       
0     000892aa  _DCANB_1_ISR                       
0     000892b4  _DCANB_2_ISR                       
0     000892be  _ADCA_EVT_ISR                      
0     000892c8  _ADCA2_ISR                         
0     000892d2  _ADCA3_ISR                         
0     000892dc  _ADCA4_ISR                         
0     000892e6  _ADCB_EVT_ISR                      
0     000892f0  _ADCB2_ISR                         
0     000892fa  _ADCB3_ISR                         
0     00089304  _ADCB4_ISR                         
0     0008930e  _CLA1_1_ISR                        
0     00089318  _CLA1_2_ISR                        
0     00089322  _CLA1_3_ISR                        
0     0008932c  _CLA1_4_ISR                        
0     00089336  _CLA1_5_ISR                        
0     00089340  _CLA1_6_ISR                        
0     0008934a  _CLA1_7_ISR                        
0     00089354  _CLA1_8_ISR                        
0     0008935e  _XINT3_ISR                         
0     00089368  _XINT4_ISR                         
0     00089372  _XINT5_ISR                         
0     0008937c  _PBIST_ISR                         
0     00089386  _VCU_ISR                           
0     00089390  _FPU_OVERFLOW_ISR                  
0     0008939a  _FPU_UNDERFLOW_ISR                 
0     000893a4  _IPC1_ISR                          
0     000893ae  _IPC2_ISR                          
0     000893b8  _IPC3_ISR                          
0     000893c2  _IPC4_ISR                          
0     000893cc  _EPWM9_TZ_ISR                      
0     000893d6  _EPWM10_TZ_ISR                     
0     000893e0  _EPWM11_TZ_ISR                     
0     000893ea  _EPWM12_TZ_ISR                     
0     000893f4  _EPWM9_ISR                         
0     000893fe  _EPWM10_ISR                        
0     00089408  _EPWM11_ISR                        
0     00089412  _EPWM12_ISR                        
0     0008941c  _SD1_ISR                           
0     00089426  _SD2_ISR                           
0     00089430  _SPIC_RX_ISR                       
0     0008943a  _SPIC_TX_ISR                       
0     00089444  _UPPA_ISR                          
0     0008944e  _USBA_ISR                          
0     00089458  _ADCC_EVT_ISR                      
0     00089462  _ADCC2_ISR                         
0     0008946c  _ADCC3_ISR                         
0     00089476  _ADCC4_ISR                         
0     00089480  _ADCD_EVT_ISR                      
0     0008948a  _ADCD2_ISR                         
0     00089494  _ADCD3_ISR                         
0     0008949e  _ADCD4_ISR                         
0     000894a8  _EMIF_ERROR_ISR                    
0     000894b2  _RAM_CORRECTABLE_ERROR_ISR         
0     000894bc  _FLASH_CORRECTABLE_ERROR_ISR       
0     000894c6  _RAM_ACCESS_VIOLATION_ISR          
0     000894d0  _SYS_PLL_SLIP_ISR                  
0     000894da  _AUX_PLL_SLIP_ISR                  
0     000894e4  _CLA_OVERFLOW_ISR                  
0     000894ee  _CLA_UNDERFLOW_ISR                 
0     000894f8  _PIE_RESERVED_ISR                  
0     00089502  _EMPTY_ISR                         
0     0008950f  _NOTUSED_ISR                       
0     00089519  _InitSysCtrl                       
0     00089545  _InitPeripheralClocks              
0     000895c9  _ServiceDog                        
0     000895d7  _DisableDog                        
0     000895e5  _InitSysPll                        
0     00089679  _InitAuxPll                        
0     000896ff  _CsmUnlock                         
0     00089720  _SysIntOsc1Sel                     
0     0008972e  _SysIntOsc2Sel                     
0     0008973a  _SysXtalOscSel                     
0     00089748  _AuxIntOsc2Sel                     
0     00089752  _AuxXtalOscSel                     
0     0008975e  _AuxAuxClkSel                      
0     00089768  _IDLE                              
0     00089771  _STANDBY                           
0     0008977c  _HALT                              
0     0008978c  _HIB                               
0     0008979a  _InitGpio                          
0     000897d7  _GPIO_SetupPinMux                  
0     00089863  _GPIO_SetupPinOptions              
0     000898f7  _GPIO_SetupLock                    
0     00089920  _GPIO_SetupXINT1Gpio               
0     0008992a  _GPIO_SetupXINT2Gpio               
0     00089934  _GPIO_SetupXINT3Gpio               
0     0008993e  _GPIO_SetupXINT4Gpio               
0     00089948  _GPIO_SetupXINT5Gpio               
0     00089952  _GPIO_ReadPin                      
0     00089969  _GPIO_WritePin                     
0     00089987  _GPIO_SelectIpcInt                 
0     000899c9  _InitIpc                           
0     000899d7  _ReadIpcTimer                      
0     000899eb  _SendIpcData                       
0     00089a02  _RecvIpcData                       
0     00089a13  _FillIpcSendData                   
0     00089a1f  _SendIpcCommand                    
0     00089a30  _SendIpcFlag                       
0     00089a3a  _AckIpcFlag                        
0     00089a44  _CancelIpcFlag                     
0     00089a4e  _WaitForIpcFlag                    
0     00089a5b  _WaitForIpcAck                     
0     00089a68  _IpcSync                           
0     00089a77  _SeizeFlashPump                    
0     00089a86  _ReleaseFlashPump                  
0     00089a90  _InitTempSensor                    
0     00089add  _GetTemperatureC                   
0     00089b1b  _GetTemperatureK                   
0     00089b52  FS$$DIV                            
0     00089c5b  _InitCpuTimers                     
0     00089c9c  _ConfigCpuTimer                    
0     00089cd6  _sin                               
0     00089cd6  _sinf                              
0     00089d2e  _c_int00                           
0     00089d84  C$$EXIT                            
0     00089d84  _abort                             
0     00089d86  _exit                              
0     00089dad  _InitPieCtrl                       
0     00089dcc  _EnableInterrupts                  
0     00089dd5  _InitPieVectTable                  
0     00089dfb  __system_post_cinit                
0     00089dfc  _sqrt                              
0     00089dfc  _sqrtf                             
0     00089e22  _copy_in                           
0     00089e46  _memcpy                            
0     00089e64  __args_main                        
0     00089e7d  LL$$AND                            
0     00089e85  LL$$OR                             
0     00089e8d  LL$$XOR                            
0     00089e95  _memset                            
0     00089ea1  __register_unlock                  
0     00089ea5  __register_lock                    
0     00089ea9  __nop                              
0     00089eb2  __system_pre_init                  
0     00089eb4  ___cinit__                         
0     00089eb4  ___etext__                         
0     00089eb4  cinit                              
0     00089eb4  etext                              
0     0008a0c8  _RamfuncsLoadStart                 
0     0008a0f1  _RamfuncsLoadEnd                   
1     00000b00  _AdcaResultRegs                    
1     00000b20  _AdcbResultRegs                    
1     00000b40  _AdccResultRegs                    
1     00000b60  _AdcdResultRegs                    
1     00000c00  _CpuTimer0Regs                     
1     00000c08  _CpuTimer1Regs                     
1     00000c10  _CpuTimer2Regs                     
1     00000ce0  _PieCtrlRegs                       
1     00000d00  _EmuKey                            
1     00000d00  _PieVectTable                      
1     00000d01  _EmuBMode                          
1     00001000  _DmaRegs                           
1     00001400  _Cla1Regs                          
1     00004000  _EPwm1Regs                         
1     00004100  _EPwm2Regs                         
1     00004200  _EPwm3Regs                         
1     00004300  _EPwm4Regs                         
1     00004400  _EPwm5Regs                         
1     00004500  _EPwm6Regs                         
1     00004600  _EPwm7Regs                         
1     00004700  _EPwm8Regs                         
1     00004800  _EPwm9Regs                         
1     00004900  _EPwm10Regs                        
1     00004a00  _EPwm11Regs                        
1     00004b00  _EPwm12Regs                        
1     00005000  _ECap1Regs                         
1     00005020  _ECap2Regs                         
1     00005040  _ECap3Regs                         
1     00005060  _ECap4Regs                         
1     00005080  _ECap5Regs                         
1     000050a0  _ECap6Regs                         
1     00005100  _EQep1Regs                         
1     00005140  _EQep2Regs                         
1     00005180  _EQep3Regs                         
1     00005c00  _DacaRegs                          
1     00005c10  _DacbRegs                          
1     00005c20  _DaccRegs                          
1     00005c80  _Cmpss1Regs                        
1     00005ca0  _Cmpss2Regs                        
1     00005cc0  _Cmpss3Regs                        
1     00005ce0  _Cmpss4Regs                        
1     00005d00  _Cmpss5Regs                        
1     00005d20  _Cmpss6Regs                        
1     00005d40  _Cmpss7Regs                        
1     00005d60  _Cmpss8Regs                        
1     00005e00  _Sdfm1Regs                         
1     00005e80  _Sdfm2Regs                         
1     00006000  _McbspaRegs                        
1     00006040  _McbspbRegs                        
1     00006100  _SpiaRegs                          
1     00006110  _SpibRegs                          
1     00006120  _SpicRegs                          
1     00006130  _SpidRegs                          
1     00006200  _UppRegs                           
1     00007000  _WdRegs                            
1     00007060  _NmiIntruptRegs                    
1     00007070  _XintRegs                          
1     00007200  _SciaRegs                          
1     00007210  _ScibRegs                          
1     00007220  _ScicRegs                          
1     00007230  _ScidRegs                          
1     00007300  _I2caRegs                          
1     00007340  _I2cbRegs                          
1     00007400  _AdcaRegs                          
1     00007480  _AdcbRegs                          
1     00007500  _AdccRegs                          
1     00007580  _AdcdRegs                          
1     00007900  _TrigRegs                          
1     00007980  _DmaClaSrcSelRegs                  
1     00007a00  _EPwmXbarRegs                      
1     00007a80  _OutputXbarRegs                    
1     00007c00  _GpioCtrlRegs                      
1     00007f00  _GpioDataRegs                      
1     00009800  __stack                            
1     00009a00  __STACK_END                        
1     00009a00  _minmax_enable                     
1     00009a01  _DSP_Temp_Sensor_adc               
1     00009a02  _counter_minmax                    
1     00009a03  _uiDirectonOfRotation              
1     00009a04  _uiUpEventTickValue                
1     00009a05  _uiHighSpeedFlag                   
1     00009a06  _Vdc_avg_counter                   
1     00009a07  _Vdc_avg_ctr_max                   
1     00009a08  _DSP_Temp_Sensor                   
1     00009a09  _counter_measurement               
1     00009a0a  _uiAzaltFlag                       
1     00009a0b  _uiArtirFlag                       
1     00009a0c  _ModulationIndex_M1                
1     00009a0e  _ModulationIndex_M2                
1     00009a10  _Vout_M2_set                       
1     00009a12  _Vout_M1_set                       
1     00009a14  _Vout_M4_set                       
1     00009a16  _spwm_counter                      
1     00009a18  _Is_M4_PhC_adc                     
1     00009a1a  _epwm2_dutycycle                   
1     00009a1c  _epwm1_dutycycle                   
1     00009a1e  _ModulationIndex_M3                
1     00009a20  _Vout_M3_set                       
1     00009a22  _ModulationIndex_Default           
1     00009a24  _VdcM2_avg                         
1     00009a26  _VdcM1_avg_tmp                     
1     00009a28  _VdcM3_avg                         
1     00009a2a  _VdcM2_avg_tmp                     
1     00009a2c  _Is_M1_PhC_min                     
1     00009a2e  _Is_M1_PhC_max                     
1     00009a30  _VdcM1_avg                         
1     00009a32  _Current_TransferFunction          
1     00009a34  _Voltage_TransferFunction          
1     00009a36  _ModulationIndex_M4                
1     00009a38  _Current_Offset                    
1     00009a3a  _VdcM3_avg_tmp                     
1     00009a3c  _vrefhi_voltage                    
1     00009a3e  _VdcM4_avg_tmp                     
1     00009a40  _Vout_M1_PhB                       
1     00009a42  _Vout_M1_PhA                       
1     00009a44  _fVbyfFreqSteps                    
1     00009a46  _Vout_M1_PhC                       
1     00009a48  _Vout_M1_Vq                        
1     00009a4a  _Vout_M1_Vd                        
1     00009a4c  _Vout_M1_Vbeta                     
1     00009a4e  _Vout_M1_Valfa                     
1     00009a50  _fFrequencySaturation              
1     00009a52  _fMotorFundamentalFrequency        
1     00009a54  _fVdc                              
1     00009a56  _fAmplitudeModulationIndex         
1     00009a58  _fFrequencyInitial                 
1     00009a5a  _fVrated                           
1     00009a5c  _VbyF_ma_ToBeApplied               
1     00009a5e  _fFundamentalFrequencyToBeApplied  
1     00009a60  _epwm7_dutycycle                   
1     00009a62  _epwm6_dutycycle                   
1     00009a64  _epwm9_dutycycle                   
1     00009a66  _epwm8_dutycycle                   
1     00009a68  _epwm3_dutycycle                   
1     00009a6a  _VdcM4_avg                         
1     00009a6c  _epwm5_dutycycle                   
1     00009a6e  _epwm4_dutycycle                   
1     00009a70  _epwm10_dutycycle                  
1     00009a72  _Is_M1_Ibeta                       
1     00009a74  _Is_M1_Ialfa                       
1     00009a76  _Is_M1_Iq                          
1     00009a78  _Is_M1_Id                          
1     00009a7a  _epwm12_dutycycle                  
1     00009a7c  _epwm11_dutycycle                  
1     00009a7e  _PI_Vdc_M1_Error                   
1     00009a80  _Vdc_set                           
1     00009a82  _Vdc_M4                            
1     00009a84  _Is_M1_PhA                         
1     00009a86  _Vdc_M3                            
1     00009a88  _Vdc_M1                            
1     00009a8a  _Vdc_M2                            
1     00009a8c  _Is_M2_PhB                         
1     00009a8e  _Is_M2_PhC                         
1     00009a90  _Is_M2_PhA                         
1     00009a92  _Is_M1_PhB                         
1     00009a94  _Is_M1_PhC                         
1     00009a96  _fAngularElectricalSpeed           
1     00009a98  _fAngularMechanicalSpeed           
1     00009a9a  _fAngularMechanicalSpeedRPM        
1     00009a9c  _ulPOSCNTPrevious                  
1     00009a9e  _fAngularMechanicalPositionPrevious
1     00009aa0  _fDeltaAngularMechanicalPosition   
1     00009aa2  _uiPositionTotalCounted            
1     00009aa4  _fAngularElectricalPosition        
1     00009aa6  _uiPositionLatchedPrevious         
1     00009aa8  _fAngularMechanicalSpeedPrevious   
1     00009aaa  _uiPositionLatched                 
1     00009aac  _fAngularMechanicalPosition        
1     00009aae  _Is_M2_PhC_adc                     
1     00009ab0  _Is_M3_PhA_adc                     
1     00009ab2  _Is_M2_PhB_adc                     
1     00009ab4  _Is_M1_PhC_adc                     
1     00009ab6  _Is_M2_PhA_adc                     
1     00009ab8  _Is_M4_PhB_adc                     
1     00009aba  _Is_M4_PhA_adc                     
1     00009abc  _Is_M3_PhB_adc                     
1     00009abe  _Is_M3_PhC_adc                     
1     00009ac0  _Is_M1_PhB_adc                     
1     00009ac2  _Is_M4_PhB                         
1     00009ac4  _Is_M4_PhC                         
1     00009ac6  _Is_M4_PhA                         
1     00009ac8  _Is_M3_PhB                         
1     00009aca  _Is_M3_PhC                         
1     00009acc  _Vdc_M4_adc                        
1     00009ace  _Is_M1_PhA_adc                     
1     00009ad0  _Vdc_M3_adc                        
1     00009ad2  _Vdc_M1_adc                        
1     00009ad4  _Vdc_M2_adc                        
1     00009ad6  _Is_M3_PhA                         
1     00009ad8  _PI_Vdc_M1_Out                     
1     00009adc  _park_Is_M1                        
1     00009ae6  _clarke_Is_M1                      
1     00009af0  _inverseclarke_Vout_M1             
1     00009b00  _inversepark_Vout_M1               
1     00009b0a  _picontroller_Vdc_M1               
1     00009b1e  _CpuTimer1                         
1     00009b26  _CpuTimer2                         
1     00009b2e  _CpuTimer0                         
1     00009b36  _tempSensor_tempOffset             
1     00009b38  _tempSensor_scaleFactor            
1     00009b3a  _tempSensor_tempSlope              
1     00009b3c  __lock                             
1     00009b3e  __unlock                           
1     00009b40  _MCBSP                             
1     00009b44  _I2C                               
1     00009b48  _SCI                               
1     00009b4c  _SDFM                              
1     00009b52  _SPI                               
1     00009b5a  _EQEP                              
1     00009b62  _ADC                               
1     00009b6c  _ECAP                              
1     00009b80  _EPWM                              
1     00009b9a  _TRIP_SEL                          
1     00009bbd  _deviceOpen                        
1     00009bbe  _errno                             
1     00009bc0  ___TI_enable_exit_profile_output   
1     00009bc2  ___TI_cleanup_ptr                  
1     00009bc4  ___TI_dtors_ptr                    
1     00047000  _Emif1Regs                         
1     00047800  _Emif2Regs                         
1     00048000  _DcanaRegs                         
1     0004a000  _DcanbRegs                         
1     00050000  _IpcRegs                           
1     0005d000  _DevCfgRegs                        
1     0005d180  _AnalogSubsysRegs                  
1     0005d200  _ClkCfgRegs                        
1     0005d300  _CpuSysRegs                        
1     0005e000  _HwbistRegs                        
1     0005e200  _PbistRegs                         
1     0005e608  _RomPrefetchRegs                   
1     0005f000  _DcsmZ1Regs                        
1     0005f040  _DcsmZ2Regs                        
1     0005f070  _DcsmCommonRegs                    
1     0005f400  _MemCfgRegs                        
1     0005f480  _Emif1ConfigRegs                   
1     0005f4a0  _Emif2ConfigRegs                   
1     0005f4c0  _AccessProtectionRegs              
1     0005f500  _MemoryErrorRegs                   
1     0005f540  _RomWaitStateRegs                  
1     0005f800  _FlashCtrlRegs                     
1     0005fb00  _FlashEccRegs                      
1     00078800  _DcsmZ1Otp                         
1     00078900  _DcsmZ2Otp                         
abs   00000029  _RamfuncsLoadSize                  
abs   00000029  _RamfuncsRunSize                   
abs   00000200  __STACK_SIZE                       
abs   ffffffff  ___TI_pprof_out_hndl               
abs   ffffffff  ___TI_prof_data_size               
abs   ffffffff  ___TI_prof_data_start              
abs   ffffffff  ___binit__                         
abs   ffffffff  ___c_args__                        
abs   ffffffff  ___pinit__                         
abs   ffffffff  binit                              
abs   ffffffff  pinit                              

[510 symbols]
