******************************************************************************
             TMS320C2000 Linker PC v18.1.1                     
******************************************************************************
>> Linked Sun Dec  8 15:54:14 2019

OUTPUT FILE NAME:   <Deneme1.out>
ENTRY POINT SYMBOL: "_c_int00"  address: 00082df3


MEMORY CONFIGURATION

         name            origin    length      used     unused   attr    fill
----------------------  --------  ---------  --------  --------  ----  --------
PAGE 0:
  RAMM0                 00000122   000002de  00000000  000002de  RWIX
  RAMLS0                00008000   00000800  00000029  000007d7  RWIX
  RAMLS1                00008800   00000800  00000000  00000800  RWIX
  RAMLS2                00009000   00000800  00000000  00000800  RWIX
  RAMLS3                00009800   00000800  00000000  00000800  RWIX
  RAMLS4                0000a000   00000800  00000000  00000800  RWIX
  RAMD0                 0000b000   00000800  00000000  00000800  RWIX
  RAMGS14               0001a000   00001000  00000000  00001000  RWIX
  RAMGS15               0001b000   00001000  00000000  00001000  RWIX
  BEGIN                 00080000   00000002  00000002  00000000  RWIX
  FLASHA                00080002   00001ffe  00000000  00001ffe  RWIX
  FLASHB                00082000   00002000  00000f99  00001067  RWIX
  FLASHC                00084000   00002000  00000000  00002000  RWIX
  FLASHD                00086000   00002000  00000029  00001fd7  RWIX
  FLASHE                00088000   00008000  00000000  00008000  RWIX
  FLASHF                00090000   00008000  000001c0  00007e40  RWIX
  FLASHG                00098000   00008000  00000000  00008000  RWIX
  FLASHH                000a0000   00008000  00000000  00008000  RWIX
  FLASHI                000a8000   00008000  00000000  00008000  RWIX
  FLASHJ                000b0000   00008000  00000000  00008000  RWIX
  FLASHK                000b8000   00002000  00000000  00002000  RWIX
  FLASHL                000ba000   00002000  00000000  00002000  RWIX
  FLASHM                000bc000   00002000  00000000  00002000  RWIX
  FLASHN                000be000   00002000  00000000  00002000  RWIX
  RESET                 003fffc0   00000002  00000000  00000002  RWIX

PAGE 1:
  BOOT_RSVD             00000002   00000120  00000000  00000120  RWIX
  RAMM1                 00000400   00000400  00000200  00000200  RWIX
  ADCA_RESULT           00000b00   00000020  00000018  00000008  RWIX
  ADCB_RESULT           00000b20   00000020  00000018  00000008  RWIX
  ADCC_RESULT           00000b40   00000020  00000018  00000008  RWIX
  ADCD_RESULT           00000b60   00000020  00000018  00000008  RWIX
  CPU_TIMER0            00000c00   00000008  00000008  00000000  RWIX
  CPU_TIMER1            00000c08   00000008  00000008  00000000  RWIX
  CPU_TIMER2            00000c10   00000008  00000008  00000000  RWIX
  PIE_CTRL              00000ce0   00000020  0000001a  00000006  RWIX
  PIE_VECT              00000d00   00000200  000001c0  00000040  RWIX
  DMA                   00001000   00000200  000000e0  00000120  RWIX
  CLA1                  00001400   00000040  00000040  00000000  RWIX
  EPWM1                 00004000   00000100  00000100  00000000  RWIX
  EPWM2                 00004100   00000100  00000100  00000000  RWIX
  EPWM3                 00004200   00000100  00000100  00000000  RWIX
  EPWM4                 00004300   00000100  00000100  00000000  RWIX
  EPWM5                 00004400   00000100  00000100  00000000  RWIX
  EPWM6                 00004500   00000100  00000100  00000000  RWIX
  EPWM7                 00004600   00000100  00000100  00000000  RWIX
  EPWM8                 00004700   00000100  00000100  00000000  RWIX
  EPWM9                 00004800   00000100  00000100  00000000  RWIX
  EPWM10                00004900   00000100  00000100  00000000  RWIX
  EPWM11                00004a00   00000100  00000100  00000000  RWIX
  EPWM12                00004b00   00000100  00000100  00000000  RWIX
  ECAP1                 00005000   00000020  00000020  00000000  RWIX
  ECAP2                 00005020   00000020  00000020  00000000  RWIX
  ECAP3                 00005040   00000020  00000020  00000000  RWIX
  ECAP4                 00005060   00000020  00000020  00000000  RWIX
  ECAP5                 00005080   00000020  00000020  00000000  RWIX
  ECAP6                 000050a0   00000020  00000020  00000000  RWIX
  EQEP1                 00005100   00000040  00000022  0000001e  RWIX
  EQEP2                 00005140   00000040  00000022  0000001e  RWIX
  EQEP3                 00005180   00000040  00000022  0000001e  RWIX
  DACA                  00005c00   00000010  00000008  00000008  RWIX
  DACB                  00005c10   00000010  00000008  00000008  RWIX
  DACC                  00005c20   00000010  00000008  00000008  RWIX
  CMPSS1                00005c80   00000020  00000020  00000000  RWIX
  CMPSS2                00005ca0   00000020  00000020  00000000  RWIX
  CMPSS3                00005cc0   00000020  00000020  00000000  RWIX
  CMPSS4                00005ce0   00000020  00000020  00000000  RWIX
  CMPSS5                00005d00   00000020  00000020  00000000  RWIX
  CMPSS6                00005d20   00000020  00000020  00000000  RWIX
  CMPSS7                00005d40   00000020  00000020  00000000  RWIX
  CMPSS8                00005d60   00000020  00000020  00000000  RWIX
  SDFM1                 00005e00   00000080  00000080  00000000  RWIX
  SDFM2                 00005e80   00000080  00000080  00000000  RWIX
  MCBSPA                00006000   00000040  00000024  0000001c  RWIX
  MCBSPB                00006040   00000040  00000024  0000001c  RWIX
  SPIA                  00006100   00000010  00000010  00000000  RWIX
  SPIB                  00006110   00000010  00000010  00000000  RWIX
  SPIC                  00006120   00000010  00000010  00000000  RWIX
  SPID                  00006130   00000010  00000010  00000000  RWIX
  UPP                   00006200   00000100  00000048  000000b8  RWIX
  WD                    00007000   00000040  0000002b  00000015  RWIX
  NMIINTRUPT            00007060   00000010  00000007  00000009  RWIX
  XINT                  00007070   00000010  0000000b  00000005  RWIX
  SCIA                  00007200   00000010  00000010  00000000  RWIX
  SCIB                  00007210   00000010  00000010  00000000  RWIX
  SCIC                  00007220   00000010  00000010  00000000  RWIX
  SCID                  00007230   00000010  00000010  00000000  RWIX
  I2CA                  00007300   00000040  00000022  0000001e  RWIX
  I2CB                  00007340   00000040  00000022  0000001e  RWIX
  ADCA                  00007400   00000080  00000080  00000000  RWIX
  ADCB                  00007480   00000080  00000080  00000000  RWIX
  ADCC                  00007500   00000080  00000080  00000000  RWIX
  ADCD                  00007580   00000080  00000080  00000000  RWIX
  TRIG                  00007900   00000050  00000046  0000000a  RWIX
  DMACLASRCSEL          00007980   00000040  0000001a  00000026  RWIX
  EPWM_XBAR             00007a00   00000040  00000040  00000000  RWIX
  CLB_XBAR              00007a40   00000040  00000000  00000040  RWIX
  GPIO_OUT_XBAR         00007a80   00000040  00000040  00000000  RWIX
  GPIOCTRL              00007c00   00000180  00000180  00000000  RWIX
  GPIODAT               00007f00   00000030  00000030  00000000  RWIX
  RAMLS5                0000a800   00000800  000000a6  0000075a  RWIX
  RAMD1                 0000b800   00000800  00000000  00000800  RWIX
  RAMGS0                0000c000   00001000  00000000  00001000  RWIX
  RAMGS1                0000d000   00001000  00000000  00001000  RWIX
  RAMGS2                0000e000   00001000  00000000  00001000  RWIX
  RAMGS3                0000f000   00001000  00000000  00001000  RWIX
  RAMGS4                00010000   00001000  00000000  00001000  RWIX
  RAMGS5                00011000   00001000  00000000  00001000  RWIX
  RAMGS6                00012000   00001000  00000000  00001000  RWIX
  RAMGS7                00013000   00001000  00000000  00001000  RWIX
  RAMGS8                00014000   00001000  00000000  00001000  RWIX
  RAMGS9                00015000   00001000  00000000  00001000  RWIX
  RAMGS10               00016000   00001000  00000000  00001000  RWIX
  RAMGS11               00017000   00001000  00000000  00001000  RWIX
  RAMGS12               00018000   00001000  00000000  00001000  RWIX
  RAMGS13               00019000   00001000  00000000  00001000  RWIX
  CPU2TOCPU1RAM         0003f800   00000400  00000000  00000400  RWIX
  CPU1TOCPU2RAM         0003fc00   00000400  00000088  00000378  RWIX
  EMIF1                 00047000   00000800  00000070  00000790  RWIX
  EMIF2                 00047800   00000800  00000070  00000790  RWIX
  DCANA                 00048000   00001000  00000200  00000e00  RWIX
  DCANB                 0004a000   00001000  00000200  00000e00  RWIX
  IPC                   00050000   00001000  00000026  00000fda  RWIX
  DEV_CFG               0005d000   00000180  0000012e  00000052  RWIX
  ANALOG_SUBSYS         0005d180   00000080  00000048  00000038  RWIX
  CLK_CFG               0005d200   00000100  00000032  000000ce  RWIX
  CPU_SYS               0005d300   00000100  00000082  0000007e  RWIX
  HWBIST                0005e000   00000100  000000a2  0000005e  RWIX
  PBIST                 0005e200   00000200  000001e6  0000001a  RWIX
  ROMPREFETCH           0005e608   00000002  00000002  00000000  RWIX
  DCSM_Z1               0005f000   00000030  00000024  0000000c  RWIX
  DCSM_Z2               0005f040   00000030  00000024  0000000c  RWIX
  DCSM_COMMON           0005f070   00000010  00000008  00000008  RWIX
  MEMCFG                0005f400   00000080  00000080  00000000  RWIX
  EMIF1CONFIG           0005f480   00000020  00000020  00000000  RWIX
  EMIF2CONFIG           0005f4a0   00000020  00000020  00000000  RWIX
  ACCESSPROTECTION      0005f4c0   00000040  00000040  00000000  RWIX
  MEMORYERROR           0005f500   00000040  00000040  00000000  RWIX
  ROMWAITSTATE          0005f540   00000002  00000002  00000000  RWIX
  FLASH_CTRL            0005f800   00000300  00000182  0000017e  RWIX
  FLASH_ECC             0005fb00   00000040  00000028  00000018  RWIX
  DCSM_OTP_Z1           00078800   00000020  0000001a  00000006  RWIX
  DCSM_OTP_Z2           00078900   00000020  0000001a  00000006  RWIX


SECTION ALLOCATION MAP

 output                                  attributes/
section   page    origin      length       input sections
--------  ----  ----------  ----------   ----------------
.cinit     0    00082000    000000b2     
                  00082000    00000094     F2837xD_struct.obj (.cinit)
                  00082094    0000000e     rts2800_fpu32.lib : exit.c.obj (.cinit)
                  000820a2    00000005                       : _lock.c.obj (.cinit:__lock)
                  000820a7    00000005                       : _lock.c.obj (.cinit:__unlock)
                  000820ac    00000004     F2837xD_sci_io.obj (.cinit)
                  000820b0    00000002     --HOLE-- [fill = 0]

.pinit     0    00082000    00000000     UNINITIALIZED

codestart 
*          0    00080000    00000002     
                  00080000    00000002     F2837xD_CodeStartBranch.obj (codestart)

ramfuncs   0    00086000    00000029     RUN ADDR = 00008000
                  00086000    00000025     F2837xD_SysCtrl.obj (ramfuncs)
                  00086025    00000004     F2837xD_usDelay.obj (ramfuncs)

.stack     1    00000400    00000200     UNINITIALIZED
                  00000400    00000200     --HOLE--

.reset     0    003fffc0    00000002     DSECT
                  003fffc0    00000002     rts2800_fpu32.lib : boot28.asm.obj (.reset)

AdcaResultFile 
*          1    00000b00    00000018     UNINITIALIZED
                  00000b00    00000018     F2837xD_GlobalVariableDefs.obj (AdcaResultFile)

AdcbResultFile 
*          1    00000b20    00000018     UNINITIALIZED
                  00000b20    00000018     F2837xD_GlobalVariableDefs.obj (AdcbResultFile)

AdccResultFile 
*          1    00000b40    00000018     UNINITIALIZED
                  00000b40    00000018     F2837xD_GlobalVariableDefs.obj (AdccResultFile)

AdcdResultFile 
*          1    00000b60    00000018     UNINITIALIZED
                  00000b60    00000018     F2837xD_GlobalVariableDefs.obj (AdcdResultFile)

PUTBUFFER 
*          1    0003fc00    00000080     UNINITIALIZED
                  0003fc00    00000080     F2837xD_Ipc_Driver.obj (PUTBUFFER)

PUTWRITEIDX 
*          1    0003fc80    00000004     UNINITIALIZED
                  0003fc80    00000004     F2837xD_Ipc_Driver.obj (PUTWRITEIDX)

GETREADIDX 
*          1    0003fc84    00000004     UNINITIALIZED
                  0003fc84    00000004     F2837xD_Ipc_Driver.obj (GETREADIDX)

GETBUFFER 
*          0    0003f800    00000080     DSECT
                  0003f800    00000080     F2837xD_Ipc_Driver.obj (GETBUFFER)

GETWRITEIDX 
*          0    0003f880    00000004     DSECT
                  0003f880    00000004     F2837xD_Ipc_Driver.obj (GETWRITEIDX)

PUTREADIDX 
*          0    0003f884    00000004     DSECT
                  0003f884    00000004     F2837xD_Ipc_Driver.obj (PUTREADIDX)

.econst    0    00090000    000001c0     
                  00090000    000001c0     F2837xD_PieVect.obj (.econst:_PieVectTableInit)

CpuTimer0RegsFile 
*          1    00000c00    00000008     UNINITIALIZED
                  00000c00    00000008     F2837xD_GlobalVariableDefs.obj (CpuTimer0RegsFile)

CpuTimer1RegsFile 
*          1    00000c08    00000008     UNINITIALIZED
                  00000c08    00000008     F2837xD_GlobalVariableDefs.obj (CpuTimer1RegsFile)

CpuTimer2RegsFile 
*          1    00000c10    00000008     UNINITIALIZED
                  00000c10    00000008     F2837xD_GlobalVariableDefs.obj (CpuTimer2RegsFile)

PieCtrlRegsFile 
*          1    00000ce0    0000001a     UNINITIALIZED
                  00000ce0    0000001a     F2837xD_GlobalVariableDefs.obj (PieCtrlRegsFile)

PieVectTableFile 
*          1    00000d00    000001c0     UNINITIALIZED
                  00000d00    000001c0     F2837xD_GlobalVariableDefs.obj (PieVectTableFile)

EmuKeyVar 
*          1    00000d00    00000001     UNINITIALIZED
                  00000d00    00000001     F2837xD_GlobalVariableDefs.obj (EmuKeyVar)

EmuBModeVar 
*          1    00000d01    00000001     UNINITIALIZED
                  00000d01    00000001     F2837xD_GlobalVariableDefs.obj (EmuBModeVar)

FlashCallbackVar 
*          1    00000d02    00000000     UNINITIALIZED

FlashScalingVar 
*          1    00000d02    00000000     UNINITIALIZED

DmaRegsFile 
*          1    00001000    000000e0     UNINITIALIZED
                  00001000    000000e0     F2837xD_GlobalVariableDefs.obj (DmaRegsFile)

Cla1RegsFile 
*          1    00001400    00000040     UNINITIALIZED
                  00001400    00000040     F2837xD_GlobalVariableDefs.obj (Cla1RegsFile)

EPwm1RegsFile 
*          1    00004000    00000100     UNINITIALIZED
                  00004000    00000100     F2837xD_GlobalVariableDefs.obj (EPwm1RegsFile)

EPwm2RegsFile 
*          1    00004100    00000100     UNINITIALIZED
                  00004100    00000100     F2837xD_GlobalVariableDefs.obj (EPwm2RegsFile)

EPwm3RegsFile 
*          1    00004200    00000100     UNINITIALIZED
                  00004200    00000100     F2837xD_GlobalVariableDefs.obj (EPwm3RegsFile)

EPwm4RegsFile 
*          1    00004300    00000100     UNINITIALIZED
                  00004300    00000100     F2837xD_GlobalVariableDefs.obj (EPwm4RegsFile)

EPwm5RegsFile 
*          1    00004400    00000100     UNINITIALIZED
                  00004400    00000100     F2837xD_GlobalVariableDefs.obj (EPwm5RegsFile)

EPwm6RegsFile 
*          1    00004500    00000100     UNINITIALIZED
                  00004500    00000100     F2837xD_GlobalVariableDefs.obj (EPwm6RegsFile)

EPwm7RegsFile 
*          1    00004600    00000100     UNINITIALIZED
                  00004600    00000100     F2837xD_GlobalVariableDefs.obj (EPwm7RegsFile)

EPwm8RegsFile 
*          1    00004700    00000100     UNINITIALIZED
                  00004700    00000100     F2837xD_GlobalVariableDefs.obj (EPwm8RegsFile)

EPwm9RegsFile 
*          1    00004800    00000100     UNINITIALIZED
                  00004800    00000100     F2837xD_GlobalVariableDefs.obj (EPwm9RegsFile)

EPwm10RegsFile 
*          1    00004900    00000100     UNINITIALIZED
                  00004900    00000100     F2837xD_GlobalVariableDefs.obj (EPwm10RegsFile)

EPwm11RegsFile 
*          1    00004a00    00000100     UNINITIALIZED
                  00004a00    00000100     F2837xD_GlobalVariableDefs.obj (EPwm11RegsFile)

EPwm12RegsFile 
*          1    00004b00    00000100     UNINITIALIZED
                  00004b00    00000100     F2837xD_GlobalVariableDefs.obj (EPwm12RegsFile)

ECap1RegsFile 
*          1    00005000    00000020     UNINITIALIZED
                  00005000    00000020     F2837xD_GlobalVariableDefs.obj (ECap1RegsFile)

ECap2RegsFile 
*          1    00005020    00000020     UNINITIALIZED
                  00005020    00000020     F2837xD_GlobalVariableDefs.obj (ECap2RegsFile)

ECap3RegsFile 
*          1    00005040    00000020     UNINITIALIZED
                  00005040    00000020     F2837xD_GlobalVariableDefs.obj (ECap3RegsFile)

ECap4RegsFile 
*          1    00005060    00000020     UNINITIALIZED
                  00005060    00000020     F2837xD_GlobalVariableDefs.obj (ECap4RegsFile)

ECap5RegsFile 
*          1    00005080    00000020     UNINITIALIZED
                  00005080    00000020     F2837xD_GlobalVariableDefs.obj (ECap5RegsFile)

ECap6RegsFile 
*          1    000050a0    00000020     UNINITIALIZED
                  000050a0    00000020     F2837xD_GlobalVariableDefs.obj (ECap6RegsFile)

EQep1RegsFile 
*          1    00005100    00000022     UNINITIALIZED
                  00005100    00000022     F2837xD_GlobalVariableDefs.obj (EQep1RegsFile)

EQep2RegsFile 
*          1    00005140    00000022     UNINITIALIZED
                  00005140    00000022     F2837xD_GlobalVariableDefs.obj (EQep2RegsFile)

EQep3RegsFile 
*          1    00005180    00000022     UNINITIALIZED
                  00005180    00000022     F2837xD_GlobalVariableDefs.obj (EQep3RegsFile)

DacaRegsFile 
*          1    00005c00    00000008     UNINITIALIZED
                  00005c00    00000008     F2837xD_GlobalVariableDefs.obj (DacaRegsFile)

DacbRegsFile 
*          1    00005c10    00000008     UNINITIALIZED
                  00005c10    00000008     F2837xD_GlobalVariableDefs.obj (DacbRegsFile)

DaccRegsFile 
*          1    00005c20    00000008     UNINITIALIZED
                  00005c20    00000008     F2837xD_GlobalVariableDefs.obj (DaccRegsFile)

Sdfm1RegsFile 
*          1    00005e00    00000080     UNINITIALIZED
                  00005e00    00000080     F2837xD_GlobalVariableDefs.obj (Sdfm1RegsFile)

Sdfm2RegsFile 
*          1    00005e80    00000080     UNINITIALIZED
                  00005e80    00000080     F2837xD_GlobalVariableDefs.obj (Sdfm2RegsFile)

McbspaRegsFile 
*          1    00006000    00000024     UNINITIALIZED
                  00006000    00000024     F2837xD_GlobalVariableDefs.obj (McbspaRegsFile)

McbspbRegsFile 
*          1    00006040    00000024     UNINITIALIZED
                  00006040    00000024     F2837xD_GlobalVariableDefs.obj (McbspbRegsFile)

SpiaRegsFile 
*          1    00006100    00000010     UNINITIALIZED
                  00006100    00000010     F2837xD_GlobalVariableDefs.obj (SpiaRegsFile)

SpibRegsFile 
*          1    00006110    00000010     UNINITIALIZED
                  00006110    00000010     F2837xD_GlobalVariableDefs.obj (SpibRegsFile)

SpicRegsFile 
*          1    00006120    00000010     UNINITIALIZED
                  00006120    00000010     F2837xD_GlobalVariableDefs.obj (SpicRegsFile)

SpidRegsFile 
*          1    00006130    00000010     UNINITIALIZED
                  00006130    00000010     F2837xD_GlobalVariableDefs.obj (SpidRegsFile)

UppRegsFile 
*          1    00006200    00000048     UNINITIALIZED
                  00006200    00000048     F2837xD_GlobalVariableDefs.obj (UppRegsFile)

WdRegsFile 
*          1    00007000    0000002b     UNINITIALIZED
                  00007000    0000002b     F2837xD_GlobalVariableDefs.obj (WdRegsFile)

NmiIntruptRegsFile 
*          1    00007060    00000007     UNINITIALIZED
                  00007060    00000007     F2837xD_GlobalVariableDefs.obj (NmiIntruptRegsFile)

XintRegsFile 
*          1    00007070    0000000b     UNINITIALIZED
                  00007070    0000000b     F2837xD_GlobalVariableDefs.obj (XintRegsFile)

SciaRegsFile 
*          1    00007200    00000010     UNINITIALIZED
                  00007200    00000010     F2837xD_GlobalVariableDefs.obj (SciaRegsFile)

ScibRegsFile 
*          1    00007210    00000010     UNINITIALIZED
                  00007210    00000010     F2837xD_GlobalVariableDefs.obj (ScibRegsFile)

ScicRegsFile 
*          1    00007220    00000010     UNINITIALIZED
                  00007220    00000010     F2837xD_GlobalVariableDefs.obj (ScicRegsFile)

ScidRegsFile 
*          1    00007230    00000010     UNINITIALIZED
                  00007230    00000010     F2837xD_GlobalVariableDefs.obj (ScidRegsFile)

I2caRegsFile 
*          1    00007300    00000022     UNINITIALIZED
                  00007300    00000022     F2837xD_GlobalVariableDefs.obj (I2caRegsFile)

I2cbRegsFile 
*          1    00007340    00000022     UNINITIALIZED
                  00007340    00000022     F2837xD_GlobalVariableDefs.obj (I2cbRegsFile)

AdcaRegsFile 
*          1    00007400    00000080     UNINITIALIZED
                  00007400    00000080     F2837xD_GlobalVariableDefs.obj (AdcaRegsFile)

AdcbRegsFile 
*          1    00007480    00000080     UNINITIALIZED
                  00007480    00000080     F2837xD_GlobalVariableDefs.obj (AdcbRegsFile)

AdccRegsFile 
*          1    00007500    00000080     UNINITIALIZED
                  00007500    00000080     F2837xD_GlobalVariableDefs.obj (AdccRegsFile)

AdcdRegsFile 
*          1    00007580    00000080     UNINITIALIZED
                  00007580    00000080     F2837xD_GlobalVariableDefs.obj (AdcdRegsFile)

AnalogSubsysRegsFile 
*          1    0005d180    00000048     UNINITIALIZED
                  0005d180    00000048     F2837xD_GlobalVariableDefs.obj (AnalogSubsysRegsFile)

Cla1SoftIntRegsFile 
*          1    00000ce0    00000004     DSECT
                  00000ce0    00000004     F2837xD_GlobalVariableDefs.obj (Cla1SoftIntRegsFile)

Cmpss1RegsFile 
*          1    00005c80    00000020     UNINITIALIZED
                  00005c80    00000020     F2837xD_GlobalVariableDefs.obj (Cmpss1RegsFile)

Cmpss2RegsFile 
*          1    00005ca0    00000020     UNINITIALIZED
                  00005ca0    00000020     F2837xD_GlobalVariableDefs.obj (Cmpss2RegsFile)

Cmpss3RegsFile 
*          1    00005cc0    00000020     UNINITIALIZED
                  00005cc0    00000020     F2837xD_GlobalVariableDefs.obj (Cmpss3RegsFile)

Cmpss4RegsFile 
*          1    00005ce0    00000020     UNINITIALIZED
                  00005ce0    00000020     F2837xD_GlobalVariableDefs.obj (Cmpss4RegsFile)

Cmpss5RegsFile 
*          1    00005d00    00000020     UNINITIALIZED
                  00005d00    00000020     F2837xD_GlobalVariableDefs.obj (Cmpss5RegsFile)

Cmpss6RegsFile 
*          1    00005d20    00000020     UNINITIALIZED
                  00005d20    00000020     F2837xD_GlobalVariableDefs.obj (Cmpss6RegsFile)

Cmpss7RegsFile 
*          1    00005d40    00000020     UNINITIALIZED
                  00005d40    00000020     F2837xD_GlobalVariableDefs.obj (Cmpss7RegsFile)

Cmpss8RegsFile 
*          1    00005d60    00000020     UNINITIALIZED
                  00005d60    00000020     F2837xD_GlobalVariableDefs.obj (Cmpss8RegsFile)

TrigRegsFile 
*          1    00007900    00000046     UNINITIALIZED
                  00007900    00000046     F2837xD_GlobalVariableDefs.obj (TrigRegsFile)

DmaClaSrcSelRegsFile 
*          1    00007980    0000001a     UNINITIALIZED
                  00007980    0000001a     F2837xD_GlobalVariableDefs.obj (DmaClaSrcSelRegsFile)

EPwmXbarRegsFile 
*          1    00007a00    00000040     UNINITIALIZED
                  00007a00    00000040     F2837xD_GlobalVariableDefs.obj (EPwmXbarRegsFile)

GpioOutXbarRegsFile 
*          1    00007a80    00000040     UNINITIALIZED
                  00007a80    00000040     F2837xD_GlobalVariableDefs.obj (GpioOutXbarRegsFile)

GpioCtrlRegsFile 
*          1    00007c00    00000180     UNINITIALIZED
                  00007c00    00000180     F2837xD_GlobalVariableDefs.obj (GpioCtrlRegsFile)

GpioDataRegsFile 
*          1    00007f00    00000030     UNINITIALIZED
                  00007f00    00000030     F2837xD_GlobalVariableDefs.obj (GpioDataRegsFile)

Emif1RegsFile 
*          1    00047000    00000070     UNINITIALIZED
                  00047000    00000070     F2837xD_GlobalVariableDefs.obj (Emif1RegsFile)

Emif2RegsFile 
*          1    00047800    00000070     UNINITIALIZED
                  00047800    00000070     F2837xD_GlobalVariableDefs.obj (Emif2RegsFile)

DcanaRegsFile 
*          1    00048000    00000200     UNINITIALIZED
                  00048000    00000200     F2837xD_GlobalVariableDefs.obj (DcanaRegsFile)

DcanbRegsFile 
*          1    0004a000    00000200     UNINITIALIZED
                  0004a000    00000200     F2837xD_GlobalVariableDefs.obj (DcanbRegsFile)

IpcRegsFile 
*          1    00050000    00000026     UNINITIALIZED
                  00050000    00000026     F2837xD_GlobalVariableDefs.obj (IpcRegsFile)

DevCfgRegsFile 
*          1    0005d000    0000012e     UNINITIALIZED
                  0005d000    0000012e     F2837xD_GlobalVariableDefs.obj (DevCfgRegsFile)

ClkCfgRegsFile 
*          1    0005d200    00000032     UNINITIALIZED
                  0005d200    00000032     F2837xD_GlobalVariableDefs.obj (ClkCfgRegsFile)

CpuSysRegsFile 
*          1    0005d300    00000082     UNINITIALIZED
                  0005d300    00000082     F2837xD_GlobalVariableDefs.obj (CpuSysRegsFile)

HwbistRegsFile 
*          1    0005e000    000000a2     UNINITIALIZED
                  0005e000    000000a2     F2837xD_GlobalVariableDefs.obj (HwbistRegsFile)

PbistRegsFile 
*          1    0005e200    000001e6     UNINITIALIZED
                  0005e200    000001e6     F2837xD_GlobalVariableDefs.obj (PbistRegsFile)

RomPrefetchRegsFile 
*          1    0005e608    00000002     UNINITIALIZED
                  0005e608    00000002     F2837xD_GlobalVariableDefs.obj (RomPrefetchRegsFile)

DcsmRegsZ1File 
*          1    0005f000    00000024     UNINITIALIZED
                  0005f000    00000024     F2837xD_GlobalVariableDefs.obj (DcsmRegsZ1File)

DcsmRegsZ2File 
*          1    0005f040    00000024     UNINITIALIZED
                  0005f040    00000024     F2837xD_GlobalVariableDefs.obj (DcsmRegsZ2File)

DcsmRegsCommonFile 
*          1    0005f070    00000008     UNINITIALIZED
                  0005f070    00000008     F2837xD_GlobalVariableDefs.obj (DcsmRegsCommonFile)

MemCfgRegsFile 
*          1    0005f400    00000080     UNINITIALIZED
                  0005f400    00000080     F2837xD_GlobalVariableDefs.obj (MemCfgRegsFile)

Emif1ConfigRegsFile 
*          1    0005f480    00000020     UNINITIALIZED
                  0005f480    00000020     F2837xD_GlobalVariableDefs.obj (Emif1ConfigRegsFile)

Emif2ConfigRegsFile 
*          1    0005f4a0    00000020     UNINITIALIZED
                  0005f4a0    00000020     F2837xD_GlobalVariableDefs.obj (Emif2ConfigRegsFile)

AccessProtectionRegsFile 
*          1    0005f4c0    00000040     UNINITIALIZED
                  0005f4c0    00000040     F2837xD_GlobalVariableDefs.obj (AccessProtectionRegsFile)

MemoryErrorRegsFile 
*          1    0005f500    00000040     UNINITIALIZED
                  0005f500    00000040     F2837xD_GlobalVariableDefs.obj (MemoryErrorRegsFile)

RomWaitStateRegsFile 
*          1    0005f540    00000002     UNINITIALIZED
                  0005f540    00000002     F2837xD_GlobalVariableDefs.obj (RomWaitStateRegsFile)

FlashCtrlRegsFile 
*          1    0005f800    00000182     UNINITIALIZED
                  0005f800    00000182     F2837xD_GlobalVariableDefs.obj (FlashCtrlRegsFile)

FlashEccRegsFile 
*          1    0005fb00    00000028     UNINITIALIZED
                  0005fb00    00000028     F2837xD_GlobalVariableDefs.obj (FlashEccRegsFile)

DcsmOtpZ1File 
*          1    00078800    0000001a     UNINITIALIZED
                  00078800    0000001a     F2837xD_GlobalVariableDefs.obj (DcsmOtpZ1File)

DcsmOtpZ2File 
*          1    00078900    0000001a     UNINITIALIZED
                  00078900    0000001a     F2837xD_GlobalVariableDefs.obj (DcsmOtpZ2File)

.text      0    000820b2    00000ee7     
                  000820b2    0000058f     F2837xD_DefaultISR.obj (.text:retain)
                  00082641    00000281     F2837xD_SysCtrl.obj (.text)
                  000828c2    0000022f     F2837xD_Gpio.obj (.text)
                  00082af1    000000c7     F2837xD_Ipc.obj (.text)
                  00082bb8    000000b7     main.obj (.text)
                  00082c6f    00000088     rts2800_fpu32.lib : fs_div28.asm.obj (.text)
                  00082cf7    00000081     F2837xD_Gpio.obj (.text:retain)
                  00082d78    0000007b     F2837xD_CpuTimers.obj (.text)
                  00082df3    00000056     rts2800_fpu32.lib : boot28.asm.obj (.text)
                  00082e49    00000046     main.obj (.text:retain)
                  00082e8f    00000029     rts2800_fpu32.lib : exit.c.obj (.text)
                  00082eb8    00000028     F2837xD_PieCtrl.obj (.text)
                  00082ee0    00000026     F2837xD_PieVect.obj (.text)
                  00082f06    00000024     rts2800_fpu32.lib : cpy_tbl.c.obj (.text)
                  00082f2a    0000001e                       : memcpy.c.obj (.text)
                  00082f48    00000019                       : args_main.c.obj (.text)
                  00082f61    00000018                       : ll_aox28.asm.obj (.text)
                  00082f79    0000000c                       : memset.c.obj (.text)
                  00082f85    00000009                       : _lock.c.obj (.text)
                  00082f8e    00000008     F2837xD_CodeStartBranch.obj (.text)
                  00082f96    00000002     rts2800_fpu32.lib : pre_init.c.obj (.text)
                  00082f98    00000001                       : startup.c.obj (.text)

.ebss      1    0000a800    000000a6     UNINITIALIZED
                  0000a800    0000007c     F2837xD_struct.obj (.ebss)
                  0000a87c    00000002     rts2800_fpu32.lib : _lock.c.obj (.ebss:__lock)
                  0000a87e    00000002                       : _lock.c.obj (.ebss:__unlock)
                  0000a880    00000018     F2837xD_CpuTimers.obj (.ebss)
                  0000a898    00000006     F2837xD_TempSensorConv.obj (.ebss)
                  0000a89e    00000006     rts2800_fpu32.lib : exit.c.obj (.ebss)
                  0000a8a4    00000001     F2837xD_Gpio.obj (.ebss)
                  0000a8a5    00000001     F2837xD_sci_io.obj (.ebss)

MODULE SUMMARY

       Module                           code   initialized data   uninitialized data
       ------                           ----   ----------------   ------------------
    .\
       main.obj                         253    0                  0                 
    +--+--------------------------------+------+------------------+--------------------+
       Total:                           253    0                  0                 
                                                                                    
    .\sources_v100\
       F2837xD_GlobalVariableDefs.obj   0      0                  9725              
       F2837xD_DefaultISR.obj           1423   0                  0                 
       F2837xD_SysCtrl.obj              715    0                  0                 
       F2837xD_Gpio.obj                 688    0                  1                 
       F2837xD_PieVect.obj              38     448                0                 
       F2837xD_struct.obj               0      148                124               
       F2837xD_Ipc.obj                  199    0                  0                 
       F2837xD_CpuTimers.obj            123    0                  24                
       F2837xD_Ipc_Driver.obj           0      0                  136               
       F2837xD_PieCtrl.obj              40     0                  0                 
       F2837xD_CodeStartBranch.obj      10     0                  0                 
       F2837xD_usDelay.obj              8      0                  0                 
       F2837xD_TempSensorConv.obj       0      0                  6                 
       F2837xD_sci_io.obj               0      4                  1                 
    +--+--------------------------------+------+------------------+--------------------+
       Total:                           3244   600                10017             
                                                                                    
    C:\ti\ccsv8\tools\compiler\ti-cgt-c2000_18.1.1.LTS\lib\rts2800_fpu32.lib
       fs_div28.asm.obj                 136    0                  0                 
       boot28.asm.obj                   86     0                  0                 
       exit.c.obj                       41     14                 6                 
       cpy_tbl.c.obj                    36     0                  0                 
       memcpy.c.obj                     30     0                  0                 
       args_main.c.obj                  25     0                  0                 
       ll_aox28.asm.obj                 24     0                  0                 
       _lock.c.obj                      9      10                 4                 
       memset.c.obj                     12     0                  0                 
       pre_init.c.obj                   2      0                  0                 
       startup.c.obj                    1      0                  0                 
    +--+--------------------------------+------+------------------+--------------------+
       Total:                           402    24                 10                
                                                                                    
       Stack:                           0      0                  512               
    +--+--------------------------------+------+------------------+--------------------+
       Grand Total:                     3899   624                10539             


GLOBAL DATA SYMBOLS: SORTED BY DATA PAGE

address     data page           name
--------    ----------------    ----
00000400      10 (00000400)     __stack

00000b00      2c (00000b00)     _AdcaResultRegs
00000b20      2c (00000b00)     _AdcbResultRegs

00000b40      2d (00000b40)     _AdccResultRegs
00000b60      2d (00000b40)     _AdcdResultRegs

00000c00      30 (00000c00)     _CpuTimer0Regs
00000c08      30 (00000c00)     _CpuTimer1Regs
00000c10      30 (00000c00)     _CpuTimer2Regs

00000ce0      33 (00000cc0)     _Cla1SoftIntRegs
00000ce0      33 (00000cc0)     _PieCtrlRegs

00000d00      34 (00000d00)     _EmuKey
00000d00      34 (00000d00)     _PieVectTable
00000d01      34 (00000d00)     _EmuBMode

00001000      40 (00001000)     _DmaRegs

00001400      50 (00001400)     _Cla1Regs

00004000     100 (00004000)     _EPwm1Regs

00004100     104 (00004100)     _EPwm2Regs

00004200     108 (00004200)     _EPwm3Regs

00004300     10c (00004300)     _EPwm4Regs

00004400     110 (00004400)     _EPwm5Regs

00004500     114 (00004500)     _EPwm6Regs

00004600     118 (00004600)     _EPwm7Regs

00004700     11c (00004700)     _EPwm8Regs

00004800     120 (00004800)     _EPwm9Regs

00004900     124 (00004900)     _EPwm10Regs

00004a00     128 (00004a00)     _EPwm11Regs

00004b00     12c (00004b00)     _EPwm12Regs

00005000     140 (00005000)     _ECap1Regs
00005020     140 (00005000)     _ECap2Regs

00005040     141 (00005040)     _ECap3Regs
00005060     141 (00005040)     _ECap4Regs

00005080     142 (00005080)     _ECap5Regs
000050a0     142 (00005080)     _ECap6Regs

00005100     144 (00005100)     _EQep1Regs

00005140     145 (00005140)     _EQep2Regs

00005180     146 (00005180)     _EQep3Regs

00005c00     170 (00005c00)     _DacaRegs
00005c10     170 (00005c00)     _DacbRegs
00005c20     170 (00005c00)     _DaccRegs

00005c80     172 (00005c80)     _Cmpss1Regs
00005ca0     172 (00005c80)     _Cmpss2Regs

00005cc0     173 (00005cc0)     _Cmpss3Regs
00005ce0     173 (00005cc0)     _Cmpss4Regs

00005d00     174 (00005d00)     _Cmpss5Regs
00005d20     174 (00005d00)     _Cmpss6Regs

00005d40     175 (00005d40)     _Cmpss7Regs
00005d60     175 (00005d40)     _Cmpss8Regs

00005e00     178 (00005e00)     _Sdfm1Regs

00005e80     17a (00005e80)     _Sdfm2Regs

00006000     180 (00006000)     _McbspaRegs

00006040     181 (00006040)     _McbspbRegs

00006100     184 (00006100)     _SpiaRegs
00006110     184 (00006100)     _SpibRegs
00006120     184 (00006100)     _SpicRegs
00006130     184 (00006100)     _SpidRegs

00006200     188 (00006200)     _UppRegs

00007000     1c0 (00007000)     _WdRegs

00007060     1c1 (00007040)     _NmiIntruptRegs
00007070     1c1 (00007040)     _XintRegs

00007200     1c8 (00007200)     _SciaRegs
00007210     1c8 (00007200)     _ScibRegs
00007220     1c8 (00007200)     _ScicRegs
00007230     1c8 (00007200)     _ScidRegs

00007300     1cc (00007300)     _I2caRegs

00007340     1cd (00007340)     _I2cbRegs

00007400     1d0 (00007400)     _AdcaRegs

00007480     1d2 (00007480)     _AdcbRegs

00007500     1d4 (00007500)     _AdccRegs

00007580     1d6 (00007580)     _AdcdRegs

00007900     1e4 (00007900)     _TrigRegs

00007980     1e6 (00007980)     _DmaClaSrcSelRegs

00007a00     1e8 (00007a00)     _EPwmXbarRegs

00007a80     1ea (00007a80)     _OutputXbarRegs

00007c00     1f0 (00007c00)     _GpioCtrlRegs

00007f00     1fc (00007f00)     _GpioDataRegs

0000a800     2a0 (0000a800)     _MCBSP
0000a804     2a0 (0000a800)     _I2C
0000a808     2a0 (0000a800)     _SCI
0000a80c     2a0 (0000a800)     _SDFM
0000a812     2a0 (0000a800)     _SPI
0000a81a     2a0 (0000a800)     _EQEP
0000a822     2a0 (0000a800)     _ADC
0000a82c     2a0 (0000a800)     _ECAP

0000a840     2a1 (0000a840)     _EPWM
0000a85a     2a1 (0000a840)     _TRIP_SEL
0000a87c     2a1 (0000a840)     __lock
0000a87e     2a1 (0000a840)     __unlock

0000a880     2a2 (0000a880)     _CpuTimer1
0000a888     2a2 (0000a880)     _CpuTimer2
0000a890     2a2 (0000a880)     _CpuTimer0
0000a898     2a2 (0000a880)     _tempSensor_tempOffset
0000a89a     2a2 (0000a880)     _tempSensor_scaleFactor
0000a89c     2a2 (0000a880)     _tempSensor_tempSlope
0000a89e     2a2 (0000a880)     ___TI_enable_exit_profile_output
0000a8a0     2a2 (0000a880)     ___TI_cleanup_ptr
0000a8a2     2a2 (0000a880)     ___TI_dtors_ptr
0000a8a5     2a2 (0000a880)     _deviceOpen

0003f800     fe0 (0003f800)     _g_asIPCCPU2toCPU1Buffers

0003f880     fe2 (0003f880)     _g_usGetWriteIndexes
0003f884     fe2 (0003f880)     _g_usPutReadIndexes

0003fc00     ff0 (0003fc00)     _g_asIPCCPU1toCPU2Buffers

0003fc80     ff2 (0003fc80)     _g_usPutWriteIndexes
0003fc84     ff2 (0003fc80)     _g_usGetReadIndexes

00047000    11c0 (00047000)     _Emif1Regs

00047800    11e0 (00047800)     _Emif2Regs

00048000    1200 (00048000)     _DcanaRegs

0004a000    1280 (0004a000)     _DcanbRegs

00050000    1400 (00050000)     _IpcRegs

0005d000    1740 (0005d000)     _DevCfgRegs

0005d180    1746 (0005d180)     _AnalogSubsysRegs

0005d200    1748 (0005d200)     _ClkCfgRegs

0005d300    174c (0005d300)     _CpuSysRegs

0005e000    1780 (0005e000)     _HwbistRegs

0005e200    1788 (0005e200)     _PbistRegs

0005e608    1798 (0005e600)     _RomPrefetchRegs

0005f000    17c0 (0005f000)     _DcsmZ1Regs

0005f040    17c1 (0005f040)     _DcsmZ2Regs
0005f070    17c1 (0005f040)     _DcsmCommonRegs

0005f400    17d0 (0005f400)     _MemCfgRegs

0005f480    17d2 (0005f480)     _Emif1ConfigRegs
0005f4a0    17d2 (0005f480)     _Emif2ConfigRegs

0005f4c0    17d3 (0005f4c0)     _AccessProtectionRegs

0005f500    17d4 (0005f500)     _MemoryErrorRegs

0005f540    17d5 (0005f540)     _RomWaitStateRegs

0005f800    17e0 (0005f800)     _FlashCtrlRegs

0005fb00    17ec (0005fb00)     _FlashEccRegs

00078800    1e20 (00078800)     _DcsmZ1Otp

00078900    1e24 (00078900)     _DcsmZ2Otp

00090000    2400 (00090000)     _PieVectTableInit


GLOBAL SYMBOLS: SORTED ALPHABETICALLY BY Name 

page  address   name                            
----  -------   ----                            
abs   ffffffff  .text                           
0     00082e8f  C$$EXIT                         
0     00082c6f  FS$$DIV                         
0     00082f61  LL$$AND                         
0     00082f69  LL$$OR                          
0     00082f71  LL$$XOR                         
1     0000a822  _ADC                            
0     00082170  _ADCA1_ISR                      
0     000823f0  _ADCA2_ISR                      
0     000823fa  _ADCA3_ISR                      
0     00082404  _ADCA4_ISR                      
0     000823e6  _ADCA_EVT_ISR                   
0     0008217a  _ADCB1_ISR                      
0     00082418  _ADCB2_ISR                      
0     00082422  _ADCB3_ISR                      
0     0008242c  _ADCB4_ISR                      
0     0008240e  _ADCB_EVT_ISR                   
0     00082184  _ADCC1_ISR                      
0     0008258a  _ADCC2_ISR                      
0     00082594  _ADCC3_ISR                      
0     0008259e  _ADCC4_ISR                      
0     00082580  _ADCC_EVT_ISR                   
0     000821a2  _ADCD1_ISR                      
0     000825b2  _ADCD2_ISR                      
0     000825bc  _ADCD3_ISR                      
0     000825c6  _ADCD4_ISR                      
0     000825a8  _ADCD_EVT_ISR                   
0     00082602  _AUX_PLL_SLIP_ISR               
1     0005f4c0  _AccessProtectionRegs           
0     00082b62  _AckIpcFlag                     
1     00007400  _AdcaRegs                       
1     00000b00  _AdcaResultRegs                 
1     00007480  _AdcbRegs                       
1     00000b20  _AdcbResultRegs                 
1     00007500  _AdccRegs                       
1     00000b40  _AdccResultRegs                 
1     00007580  _AdcdRegs                       
1     00000b60  _AdcdResultRegs                 
1     0005d180  _AnalogSubsysRegs               
0     00082886  _AuxAuxClkSel                   
0     00082870  _AuxIntOsc2Sel                  
0     0008287a  _AuxXtalOscSel                  
0     00082436  _CLA1_1_ISR                     
0     00082440  _CLA1_2_ISR                     
0     0008244a  _CLA1_3_ISR                     
0     00082454  _CLA1_4_ISR                     
0     0008245e  _CLA1_5_ISR                     
0     00082468  _CLA1_6_ISR                     
0     00082472  _CLA1_7_ISR                     
0     0008247c  _CLA1_8_ISR                     
0     0008260c  _CLA_OVERFLOW_ISR               
0     00082616  _CLA_UNDERFLOW_ISR              
0     00082b6c  _CancelIpcFlag                  
1     00001400  _Cla1Regs                       
0     00000ce0  _Cla1SoftIntRegs                
1     0005d200  _ClkCfgRegs                     
1     00005c80  _Cmpss1Regs                     
1     00005ca0  _Cmpss2Regs                     
1     00005cc0  _Cmpss3Regs                     
1     00005ce0  _Cmpss4Regs                     
1     00005d00  _Cmpss5Regs                     
1     00005d20  _Cmpss6Regs                     
1     00005d40  _Cmpss7Regs                     
1     00005d60  _Cmpss8Regs                     
0     00082db9  _ConfigCpuTimer                 
1     0005d300  _CpuSysRegs                     
1     0000a890  _CpuTimer0                      
1     00000c00  _CpuTimer0Regs                  
1     0000a880  _CpuTimer1                      
1     00000c08  _CpuTimer1Regs                  
1     0000a888  _CpuTimer2                      
1     00000c10  _CpuTimer2Regs                  
0     00082827  _CsmUnlock                      
0     000820c6  _DATALOG_ISR                    
0     000823be  _DCANA_1_ISR                    
0     000823c8  _DCANA_2_ISR                    
0     000823d2  _DCANB_1_ISR                    
0     000823dc  _DCANB_2_ISR                    
0     0008230a  _DMA_CH1_ISR                    
0     00082314  _DMA_CH2_ISR                    
0     0008231e  _DMA_CH3_ISR                    
0     00082328  _DMA_CH4_ISR                    
0     00082332  _DMA_CH5_ISR                    
0     0008233c  _DMA_CH6_ISR                    
1     00005c00  _DacaRegs                       
1     00005c10  _DacbRegs                       
1     00005c20  _DaccRegs                       
1     00048000  _DcanaRegs                      
1     0004a000  _DcanbRegs                      
1     0005f070  _DcsmCommonRegs                 
1     00078800  _DcsmZ1Otp                      
1     0005f000  _DcsmZ1Regs                     
1     00078900  _DcsmZ2Otp                      
1     0005f040  _DcsmZ2Regs                     
1     0005d000  _DevCfgRegs                     
0     000826ff  _DisableDog                     
1     00007980  _DmaClaSrcSelRegs               
1     00001000  _DmaRegs                        
1     0000a82c  _ECAP                           
0     00082260  _ECAP1_ISR                      
0     0008226a  _ECAP2_ISR                      
0     00082274  _ECAP3_ISR                      
0     0008227e  _ECAP4_ISR                      
0     00082288  _ECAP5_ISR                      
0     00082292  _ECAP6_ISR                      
1     00005000  _ECap1Regs                      
1     00005020  _ECap2Regs                      
1     00005040  _ECap3Regs                      
1     00005060  _ECap4Regs                      
1     00005080  _ECap5Regs                      
1     000050a0  _ECap6Regs                      
0     000825d0  _EMIF_ERROR_ISR                 
0     0008262a  _EMPTY_ISR                      
0     000820da  _EMU_ISR                        
1     0000a840  _EPWM                           
0     00082526  _EPWM10_ISR                     
0     000824fe  _EPWM10_TZ_ISR                  
0     00082530  _EPWM11_ISR                     
0     00082508  _EPWM11_TZ_ISR                  
0     0008253a  _EPWM12_ISR                     
0     00082512  _EPWM12_TZ_ISR                  
0     00082210  _EPWM1_ISR                      
0     000821c0  _EPWM1_TZ_ISR                   
0     0008221a  _EPWM2_ISR                      
0     000821ca  _EPWM2_TZ_ISR                   
0     00082224  _EPWM3_ISR                      
0     000821d4  _EPWM3_TZ_ISR                   
0     0008222e  _EPWM4_ISR                      
0     000821de  _EPWM4_TZ_ISR                   
0     00082238  _EPWM5_ISR                      
0     000821e8  _EPWM5_TZ_ISR                   
0     00082242  _EPWM6_ISR                      
0     000821f2  _EPWM6_TZ_ISR                   
0     0008224c  _EPWM7_ISR                      
0     000821fc  _EPWM7_TZ_ISR                   
0     00082256  _EPWM8_ISR                      
0     00082206  _EPWM8_TZ_ISR                   
0     0008251c  _EPWM9_ISR                      
0     000824f4  _EPWM9_TZ_ISR                   
1     00004900  _EPwm10Regs                     
1     00004a00  _EPwm11Regs                     
1     00004b00  _EPwm12Regs                     
1     00004000  _EPwm1Regs                      
1     00004100  _EPwm2Regs                      
1     00004200  _EPwm3Regs                      
1     00004300  _EPwm4Regs                      
1     00004400  _EPwm5Regs                      
1     00004500  _EPwm6Regs                      
1     00004600  _EPwm7Regs                      
1     00004700  _EPwm8Regs                      
1     00004800  _EPwm9Regs                      
1     00007a00  _EPwmXbarRegs                   
1     0000a81a  _EQEP                           
0     0008229c  _EQEP1_ISR                      
0     000822a6  _EQEP2_ISR                      
0     000822b0  _EQEP3_ISR                      
1     00005100  _EQep1Regs                      
1     00005140  _EQep2Regs                      
1     00005180  _EQep3Regs                      
1     0005f480  _Emif1ConfigRegs                
1     00047000  _Emif1Regs                      
1     0005f4a0  _Emif2ConfigRegs                
1     00047800  _Emif2Regs                      
1     00000d01  _EmuBMode                       
1     00000d00  _EmuKey                         
0     00082ed7  _EnableInterrupts               
0     00008025  _F28x_usDelay                   
0     000825e4  _FLASH_CORRECTABLE_ERROR_ISR    
0     000824b8  _FPU_OVERFLOW_ISR               
0     000824c2  _FPU_UNDERFLOW_ISR              
0     00082b3b  _FillIpcSendData                
1     0005f800  _FlashCtrlRegs                  
1     0005fb00  _FlashEccRegs                   
0     00082a7a  _GPIO_ReadPin                   
0     00082aaf  _GPIO_SelectIpcInt              
0     00082a1f  _GPIO_SetupLock                 
0     000828ff  _GPIO_SetupPinMux               
0     0008298b  _GPIO_SetupPinOptions           
0     00082a48  _GPIO_SetupXINT1Gpio            
0     00082a52  _GPIO_SetupXINT2Gpio            
0     00082a5c  _GPIO_SetupXINT3Gpio            
0     00082a66  _GPIO_SetupXINT4Gpio            
0     00082a70  _GPIO_SetupXINT5Gpio            
0     00082a91  _GPIO_WritePin                  
1     00007c00  _GpioCtrlRegs                   
1     00007f00  _GpioDataRegs                   
0     00082c28  _GpioSelect                     
0     000828a4  _HALT                           
0     000828b4  _HIB                            
1     0005e000  _HwbistRegs                     
1     0000a804  _I2C                            
0     00082350  _I2CA_FIFO_ISR                  
0     00082346  _I2CA_ISR                       
0     00082364  _I2CB_FIFO_ISR                  
0     0008235a  _I2CB_ISR                       
1     00007300  _I2caRegs                       
1     00007340  _I2cbRegs                       
0     00082890  _IDLE                           
0     000820ee  _ILLEGAL_ISR                    
0     000824cc  _IPC1_ISR                       
0     000824d6  _IPC2_ISR                       
0     000824e0  _IPC3_ISR                       
0     000824ea  _IPC4_ISR                       
0     000827a1  _InitAuxPll                     
0     00082d78  _InitCpuTimers                  
0     00008000  _InitFlash                      
0     000828c2  _InitGpio                       
0     00082af1  _InitIpc                        
0     0008266d  _InitPeripheralClocks           
0     00082eb8  _InitPieCtrl                    
0     00082ee0  _InitPieVectTable               
0     00082641  _InitSysCtrl                    
0     0008270d  _InitSysPll                     
1     00050000  _IpcRegs                        
0     00082b90  _IpcSync                        
1     0000a800  _MCBSP                          
0     000822e2  _MCBSPA_RX_ISR                  
0     000822ec  _MCBSPA_TX_ISR                  
0     000822f6  _MCBSPB_RX_ISR                  
0     00082300  _MCBSPB_TX_ISR                  
1     00006000  _McbspaRegs                     
1     00006040  _McbspbRegs                     
1     0005f400  _MemCfgRegs                     
1     0005f500  _MemoryErrorRegs                
0     000820e4  _NMI_ISR                        
0     00082637  _NOTUSED_ISR                    
1     00007060  _NmiIntruptRegs                 
1     00007a80  _OutputXbarRegs                 
0     000824a4  _PBIST_ISR                      
0     00082620  _PIE_RESERVED_ISR               
1     0005e200  _PbistRegs                      
1     00000ce0  _PieCtrlRegs                    
1     00000d00  _PieVectTable                   
0     00090000  _PieVectTableInit               
0     000825ee  _RAM_ACCESS_VIOLATION_ISR       
0     000825da  _RAM_CORRECTABLE_ERROR_ISR      
0     000820d0  _RTOS_ISR                       
0     00086029  _RamfuncsLoadEnd                
abs   00000029  _RamfuncsLoadSize               
0     00086000  _RamfuncsLoadStart              
0     00008029  _RamfuncsRunEnd                 
abs   00000029  _RamfuncsRunSize                
0     00008000  _RamfuncsRunStart               
0     00082aff  _ReadIpcTimer                   
0     00082b2a  _RecvIpcData                    
0     00082bae  _ReleaseFlashPump               
1     0005e608  _RomPrefetchRegs                
1     0005f540  _RomWaitStateRegs               
1     0000a808  _SCI                            
0     00082396  _SCIA_RX_ISR                    
0     000823a0  _SCIA_TX_ISR                    
0     000823aa  _SCIB_RX_ISR                    
0     000823b4  _SCIB_TX_ISR                    
0     0008236e  _SCIC_RX_ISR                    
0     00082378  _SCIC_TX_ISR                    
0     00082382  _SCID_RX_ISR                    
0     0008238c  _SCID_TX_ISR                    
0     00082544  _SD1_ISR                        
0     0008254e  _SD2_ISR                        
1     0000a80c  _SDFM                           
1     0000a812  _SPI                            
0     000822ba  _SPIA_RX_ISR                    
0     000822c4  _SPIA_TX_ISR                    
0     000822ce  _SPIB_RX_ISR                    
0     000822d8  _SPIB_TX_ISR                    
0     00082558  _SPIC_RX_ISR                    
0     00082562  _SPIC_TX_ISR                    
0     00082899  _STANDBY                        
0     000825f8  _SYS_PLL_SLIP_ISR               
1     00007200  _SciaRegs                       
1     00007210  _ScibRegs                       
1     00007220  _ScicRegs                       
1     00007230  _ScidRegs                       
1     00005e00  _Sdfm1Regs                      
1     00005e80  _Sdfm2Regs                      
0     00082b9f  _SeizeFlashPump                 
0     00082b47  _SendIpcCommand                 
0     00082b13  _SendIpcData                    
0     00082b58  _SendIpcFlag                    
0     000826f1  _ServiceDog                     
1     00006100  _SpiaRegs                       
1     00006110  _SpibRegs                       
1     00006120  _SpicRegs                       
1     00006130  _SpidRegs                       
0     00082848  _SysIntOsc1Sel                  
0     00082856  _SysIntOsc2Sel                  
0     00082862  _SysXtalOscSel                  
0     000821ac  _TIMER0_ISR                     
0     000820b2  _TIMER1_ISR                     
0     000820bc  _TIMER2_ISR                     
1     0000a85a  _TRIP_SEL                       
1     00007900  _TrigRegs                       
0     0008256c  _UPPA_ISR                       
0     00082576  _USBA_ISR                       
0     00082152  _USER10_ISR                     
0     0008215c  _USER11_ISR                     
0     00082166  _USER12_ISR                     
0     000820f8  _USER1_ISR                      
0     00082102  _USER2_ISR                      
0     0008210c  _USER3_ISR                      
0     00082116  _USER4_ISR                      
0     00082120  _USER5_ISR                      
0     0008212a  _USER6_ISR                      
0     00082134  _USER7_ISR                      
0     0008213e  _USER8_ISR                      
0     00082148  _USER9_ISR                      
1     00006200  _UppRegs                        
0     000824ae  _VCU_ISR                        
0     000821b6  _WAKE_ISR                       
0     00082b83  _WaitForIpcAck                  
0     00082b76  _WaitForIpcFlag                 
1     00007000  _WdRegs                         
0     0008218e  _XINT1_ISR                      
0     00082198  _XINT2_ISR                      
0     00082486  _XINT3_ISR                      
0     00082490  _XINT4_ISR                      
0     0008249a  _XINT5_ISR                      
1     00007070  _XintRegs                       
1     00000600  __STACK_END                     
abs   00000200  __STACK_SIZE                    
1     0000a8a0  ___TI_cleanup_ptr               
1     0000a8a2  ___TI_dtors_ptr                 
1     0000a89e  ___TI_enable_exit_profile_output
abs   ffffffff  ___TI_pprof_out_hndl            
abs   ffffffff  ___TI_prof_data_size            
abs   ffffffff  ___TI_prof_data_start           
abs   ffffffff  ___binit__                      
abs   ffffffff  ___c_args__                     
0     00082000  ___cinit__                      
abs   ffffffff  ___etext__                      
abs   ffffffff  ___pinit__                      
abs   ffffffff  ___text__                       
0     00082f48  __args_main                     
1     0000a87c  __lock                          
0     00082f8d  __nop                           
0     00082f89  __register_lock                 
0     00082f85  __register_unlock               
1     00000400  __stack                         
0     00082f98  __system_post_cinit             
0     00082f96  __system_pre_init               
1     0000a87e  __unlock                        
0     00082e8f  _abort                          
0     00082df3  _c_int00                        
0     00082f06  _copy_in                        
0     00082e49  _cpu_timer0_isr                 
0     00082e63  _cpu_timer1_isr                 
0     00082e7d  _cpu_timer2_isr                 
1     0000a8a5  _deviceOpen                     
0     00082e91  _exit                           
1     0003fc00  _g_asIPCCPU1toCPU2Buffers       
0     0003f800  _g_asIPCCPU2toCPU1Buffers       
1     0003fc84  _g_usGetReadIndexes             
0     0003f880  _g_usGetWriteIndexes            
0     0003f884  _g_usPutReadIndexes             
1     0003fc80  _g_usPutWriteIndexes            
0     00082bb8  _main                           
0     00082f2a  _memcpy                         
0     00082f79  _memset                         
1     0000a89a  _tempSensor_scaleFactor         
1     0000a898  _tempSensor_tempOffset          
1     0000a89c  _tempSensor_tempSlope           
abs   ffffffff  binit                           
0     00082000  cinit                           
0     00080000  code_start                      
abs   ffffffff  etext                           
abs   ffffffff  pinit                           


GLOBAL SYMBOLS: SORTED BY Symbol Address 

page  address   name                            
----  -------   ----                            
0     00000ce0  _Cla1SoftIntRegs                
0     00008000  _InitFlash                      
0     00008000  _RamfuncsRunStart               
0     00008025  _F28x_usDelay                   
0     00008029  _RamfuncsRunEnd                 
0     0003f800  _g_asIPCCPU2toCPU1Buffers       
0     0003f880  _g_usGetWriteIndexes            
0     0003f884  _g_usPutReadIndexes             
0     00080000  code_start                      
0     00082000  ___cinit__                      
0     00082000  cinit                           
0     000820b2  _TIMER1_ISR                     
0     000820bc  _TIMER2_ISR                     
0     000820c6  _DATALOG_ISR                    
0     000820d0  _RTOS_ISR                       
0     000820da  _EMU_ISR                        
0     000820e4  _NMI_ISR                        
0     000820ee  _ILLEGAL_ISR                    
0     000820f8  _USER1_ISR                      
0     00082102  _USER2_ISR                      
0     0008210c  _USER3_ISR                      
0     00082116  _USER4_ISR                      
0     00082120  _USER5_ISR                      
0     0008212a  _USER6_ISR                      
0     00082134  _USER7_ISR                      
0     0008213e  _USER8_ISR                      
0     00082148  _USER9_ISR                      
0     00082152  _USER10_ISR                     
0     0008215c  _USER11_ISR                     
0     00082166  _USER12_ISR                     
0     00082170  _ADCA1_ISR                      
0     0008217a  _ADCB1_ISR                      
0     00082184  _ADCC1_ISR                      
0     0008218e  _XINT1_ISR                      
0     00082198  _XINT2_ISR                      
0     000821a2  _ADCD1_ISR                      
0     000821ac  _TIMER0_ISR                     
0     000821b6  _WAKE_ISR                       
0     000821c0  _EPWM1_TZ_ISR                   
0     000821ca  _EPWM2_TZ_ISR                   
0     000821d4  _EPWM3_TZ_ISR                   
0     000821de  _EPWM4_TZ_ISR                   
0     000821e8  _EPWM5_TZ_ISR                   
0     000821f2  _EPWM6_TZ_ISR                   
0     000821fc  _EPWM7_TZ_ISR                   
0     00082206  _EPWM8_TZ_ISR                   
0     00082210  _EPWM1_ISR                      
0     0008221a  _EPWM2_ISR                      
0     00082224  _EPWM3_ISR                      
0     0008222e  _EPWM4_ISR                      
0     00082238  _EPWM5_ISR                      
0     00082242  _EPWM6_ISR                      
0     0008224c  _EPWM7_ISR                      
0     00082256  _EPWM8_ISR                      
0     00082260  _ECAP1_ISR                      
0     0008226a  _ECAP2_ISR                      
0     00082274  _ECAP3_ISR                      
0     0008227e  _ECAP4_ISR                      
0     00082288  _ECAP5_ISR                      
0     00082292  _ECAP6_ISR                      
0     0008229c  _EQEP1_ISR                      
0     000822a6  _EQEP2_ISR                      
0     000822b0  _EQEP3_ISR                      
0     000822ba  _SPIA_RX_ISR                    
0     000822c4  _SPIA_TX_ISR                    
0     000822ce  _SPIB_RX_ISR                    
0     000822d8  _SPIB_TX_ISR                    
0     000822e2  _MCBSPA_RX_ISR                  
0     000822ec  _MCBSPA_TX_ISR                  
0     000822f6  _MCBSPB_RX_ISR                  
0     00082300  _MCBSPB_TX_ISR                  
0     0008230a  _DMA_CH1_ISR                    
0     00082314  _DMA_CH2_ISR                    
0     0008231e  _DMA_CH3_ISR                    
0     00082328  _DMA_CH4_ISR                    
0     00082332  _DMA_CH5_ISR                    
0     0008233c  _DMA_CH6_ISR                    
0     00082346  _I2CA_ISR                       
0     00082350  _I2CA_FIFO_ISR                  
0     0008235a  _I2CB_ISR                       
0     00082364  _I2CB_FIFO_ISR                  
0     0008236e  _SCIC_RX_ISR                    
0     00082378  _SCIC_TX_ISR                    
0     00082382  _SCID_RX_ISR                    
0     0008238c  _SCID_TX_ISR                    
0     00082396  _SCIA_RX_ISR                    
0     000823a0  _SCIA_TX_ISR                    
0     000823aa  _SCIB_RX_ISR                    
0     000823b4  _SCIB_TX_ISR                    
0     000823be  _DCANA_1_ISR                    
0     000823c8  _DCANA_2_ISR                    
0     000823d2  _DCANB_1_ISR                    
0     000823dc  _DCANB_2_ISR                    
0     000823e6  _ADCA_EVT_ISR                   
0     000823f0  _ADCA2_ISR                      
0     000823fa  _ADCA3_ISR                      
0     00082404  _ADCA4_ISR                      
0     0008240e  _ADCB_EVT_ISR                   
0     00082418  _ADCB2_ISR                      
0     00082422  _ADCB3_ISR                      
0     0008242c  _ADCB4_ISR                      
0     00082436  _CLA1_1_ISR                     
0     00082440  _CLA1_2_ISR                     
0     0008244a  _CLA1_3_ISR                     
0     00082454  _CLA1_4_ISR                     
0     0008245e  _CLA1_5_ISR                     
0     00082468  _CLA1_6_ISR                     
0     00082472  _CLA1_7_ISR                     
0     0008247c  _CLA1_8_ISR                     
0     00082486  _XINT3_ISR                      
0     00082490  _XINT4_ISR                      
0     0008249a  _XINT5_ISR                      
0     000824a4  _PBIST_ISR                      
0     000824ae  _VCU_ISR                        
0     000824b8  _FPU_OVERFLOW_ISR               
0     000824c2  _FPU_UNDERFLOW_ISR              
0     000824cc  _IPC1_ISR                       
0     000824d6  _IPC2_ISR                       
0     000824e0  _IPC3_ISR                       
0     000824ea  _IPC4_ISR                       
0     000824f4  _EPWM9_TZ_ISR                   
0     000824fe  _EPWM10_TZ_ISR                  
0     00082508  _EPWM11_TZ_ISR                  
0     00082512  _EPWM12_TZ_ISR                  
0     0008251c  _EPWM9_ISR                      
0     00082526  _EPWM10_ISR                     
0     00082530  _EPWM11_ISR                     
0     0008253a  _EPWM12_ISR                     
0     00082544  _SD1_ISR                        
0     0008254e  _SD2_ISR                        
0     00082558  _SPIC_RX_ISR                    
0     00082562  _SPIC_TX_ISR                    
0     0008256c  _UPPA_ISR                       
0     00082576  _USBA_ISR                       
0     00082580  _ADCC_EVT_ISR                   
0     0008258a  _ADCC2_ISR                      
0     00082594  _ADCC3_ISR                      
0     0008259e  _ADCC4_ISR                      
0     000825a8  _ADCD_EVT_ISR                   
0     000825b2  _ADCD2_ISR                      
0     000825bc  _ADCD3_ISR                      
0     000825c6  _ADCD4_ISR                      
0     000825d0  _EMIF_ERROR_ISR                 
0     000825da  _RAM_CORRECTABLE_ERROR_ISR      
0     000825e4  _FLASH_CORRECTABLE_ERROR_ISR    
0     000825ee  _RAM_ACCESS_VIOLATION_ISR       
0     000825f8  _SYS_PLL_SLIP_ISR               
0     00082602  _AUX_PLL_SLIP_ISR               
0     0008260c  _CLA_OVERFLOW_ISR               
0     00082616  _CLA_UNDERFLOW_ISR              
0     00082620  _PIE_RESERVED_ISR               
0     0008262a  _EMPTY_ISR                      
0     00082637  _NOTUSED_ISR                    
0     00082641  _InitSysCtrl                    
0     0008266d  _InitPeripheralClocks           
0     000826f1  _ServiceDog                     
0     000826ff  _DisableDog                     
0     0008270d  _InitSysPll                     
0     000827a1  _InitAuxPll                     
0     00082827  _CsmUnlock                      
0     00082848  _SysIntOsc1Sel                  
0     00082856  _SysIntOsc2Sel                  
0     00082862  _SysXtalOscSel                  
0     00082870  _AuxIntOsc2Sel                  
0     0008287a  _AuxXtalOscSel                  
0     00082886  _AuxAuxClkSel                   
0     00082890  _IDLE                           
0     00082899  _STANDBY                        
0     000828a4  _HALT                           
0     000828b4  _HIB                            
0     000828c2  _InitGpio                       
0     000828ff  _GPIO_SetupPinMux               
0     0008298b  _GPIO_SetupPinOptions           
0     00082a1f  _GPIO_SetupLock                 
0     00082a48  _GPIO_SetupXINT1Gpio            
0     00082a52  _GPIO_SetupXINT2Gpio            
0     00082a5c  _GPIO_SetupXINT3Gpio            
0     00082a66  _GPIO_SetupXINT4Gpio            
0     00082a70  _GPIO_SetupXINT5Gpio            
0     00082a7a  _GPIO_ReadPin                   
0     00082a91  _GPIO_WritePin                  
0     00082aaf  _GPIO_SelectIpcInt              
0     00082af1  _InitIpc                        
0     00082aff  _ReadIpcTimer                   
0     00082b13  _SendIpcData                    
0     00082b2a  _RecvIpcData                    
0     00082b3b  _FillIpcSendData                
0     00082b47  _SendIpcCommand                 
0     00082b58  _SendIpcFlag                    
0     00082b62  _AckIpcFlag                     
0     00082b6c  _CancelIpcFlag                  
0     00082b76  _WaitForIpcFlag                 
0     00082b83  _WaitForIpcAck                  
0     00082b90  _IpcSync                        
0     00082b9f  _SeizeFlashPump                 
0     00082bae  _ReleaseFlashPump               
0     00082bb8  _main                           
0     00082c28  _GpioSelect                     
0     00082c6f  FS$$DIV                         
0     00082d78  _InitCpuTimers                  
0     00082db9  _ConfigCpuTimer                 
0     00082df3  _c_int00                        
0     00082e49  _cpu_timer0_isr                 
0     00082e63  _cpu_timer1_isr                 
0     00082e7d  _cpu_timer2_isr                 
0     00082e8f  C$$EXIT                         
0     00082e8f  _abort                          
0     00082e91  _exit                           
0     00082eb8  _InitPieCtrl                    
0     00082ed7  _EnableInterrupts               
0     00082ee0  _InitPieVectTable               
0     00082f06  _copy_in                        
0     00082f2a  _memcpy                         
0     00082f48  __args_main                     
0     00082f61  LL$$AND                         
0     00082f69  LL$$OR                          
0     00082f71  LL$$XOR                         
0     00082f79  _memset                         
0     00082f85  __register_unlock               
0     00082f89  __register_lock                 
0     00082f8d  __nop                           
0     00082f96  __system_pre_init               
0     00082f98  __system_post_cinit             
0     00086000  _RamfuncsLoadStart              
0     00086029  _RamfuncsLoadEnd                
0     00090000  _PieVectTableInit               
1     00000400  __stack                         
1     00000600  __STACK_END                     
1     00000b00  _AdcaResultRegs                 
1     00000b20  _AdcbResultRegs                 
1     00000b40  _AdccResultRegs                 
1     00000b60  _AdcdResultRegs                 
1     00000c00  _CpuTimer0Regs                  
1     00000c08  _CpuTimer1Regs                  
1     00000c10  _CpuTimer2Regs                  
1     00000ce0  _PieCtrlRegs                    
1     00000d00  _EmuKey                         
1     00000d00  _PieVectTable                   
1     00000d01  _EmuBMode                       
1     00001000  _DmaRegs                        
1     00001400  _Cla1Regs                       
1     00004000  _EPwm1Regs                      
1     00004100  _EPwm2Regs                      
1     00004200  _EPwm3Regs                      
1     00004300  _EPwm4Regs                      
1     00004400  _EPwm5Regs                      
1     00004500  _EPwm6Regs                      
1     00004600  _EPwm7Regs                      
1     00004700  _EPwm8Regs                      
1     00004800  _EPwm9Regs                      
1     00004900  _EPwm10Regs                     
1     00004a00  _EPwm11Regs                     
1     00004b00  _EPwm12Regs                     
1     00005000  _ECap1Regs                      
1     00005020  _ECap2Regs                      
1     00005040  _ECap3Regs                      
1     00005060  _ECap4Regs                      
1     00005080  _ECap5Regs                      
1     000050a0  _ECap6Regs                      
1     00005100  _EQep1Regs                      
1     00005140  _EQep2Regs                      
1     00005180  _EQep3Regs                      
1     00005c00  _DacaRegs                       
1     00005c10  _DacbRegs                       
1     00005c20  _DaccRegs                       
1     00005c80  _Cmpss1Regs                     
1     00005ca0  _Cmpss2Regs                     
1     00005cc0  _Cmpss3Regs                     
1     00005ce0  _Cmpss4Regs                     
1     00005d00  _Cmpss5Regs                     
1     00005d20  _Cmpss6Regs                     
1     00005d40  _Cmpss7Regs                     
1     00005d60  _Cmpss8Regs                     
1     00005e00  _Sdfm1Regs                      
1     00005e80  _Sdfm2Regs                      
1     00006000  _McbspaRegs                     
1     00006040  _McbspbRegs                     
1     00006100  _SpiaRegs                       
1     00006110  _SpibRegs                       
1     00006120  _SpicRegs                       
1     00006130  _SpidRegs                       
1     00006200  _UppRegs                        
1     00007000  _WdRegs                         
1     00007060  _NmiIntruptRegs                 
1     00007070  _XintRegs                       
1     00007200  _SciaRegs                       
1     00007210  _ScibRegs                       
1     00007220  _ScicRegs                       
1     00007230  _ScidRegs                       
1     00007300  _I2caRegs                       
1     00007340  _I2cbRegs                       
1     00007400  _AdcaRegs                       
1     00007480  _AdcbRegs                       
1     00007500  _AdccRegs                       
1     00007580  _AdcdRegs                       
1     00007900  _TrigRegs                       
1     00007980  _DmaClaSrcSelRegs               
1     00007a00  _EPwmXbarRegs                   
1     00007a80  _OutputXbarRegs                 
1     00007c00  _GpioCtrlRegs                   
1     00007f00  _GpioDataRegs                   
1     0000a800  _MCBSP                          
1     0000a804  _I2C                            
1     0000a808  _SCI                            
1     0000a80c  _SDFM                           
1     0000a812  _SPI                            
1     0000a81a  _EQEP                           
1     0000a822  _ADC                            
1     0000a82c  _ECAP                           
1     0000a840  _EPWM                           
1     0000a85a  _TRIP_SEL                       
1     0000a87c  __lock                          
1     0000a87e  __unlock                        
1     0000a880  _CpuTimer1                      
1     0000a888  _CpuTimer2                      
1     0000a890  _CpuTimer0                      
1     0000a898  _tempSensor_tempOffset          
1     0000a89a  _tempSensor_scaleFactor         
1     0000a89c  _tempSensor_tempSlope           
1     0000a89e  ___TI_enable_exit_profile_output
1     0000a8a0  ___TI_cleanup_ptr               
1     0000a8a2  ___TI_dtors_ptr                 
1     0000a8a5  _deviceOpen                     
1     0003fc00  _g_asIPCCPU1toCPU2Buffers       
1     0003fc80  _g_usPutWriteIndexes            
1     0003fc84  _g_usGetReadIndexes             
1     00047000  _Emif1Regs                      
1     00047800  _Emif2Regs                      
1     00048000  _DcanaRegs                      
1     0004a000  _DcanbRegs                      
1     00050000  _IpcRegs                        
1     0005d000  _DevCfgRegs                     
1     0005d180  _AnalogSubsysRegs               
1     0005d200  _ClkCfgRegs                     
1     0005d300  _CpuSysRegs                     
1     0005e000  _HwbistRegs                     
1     0005e200  _PbistRegs                      
1     0005e608  _RomPrefetchRegs                
1     0005f000  _DcsmZ1Regs                     
1     0005f040  _DcsmZ2Regs                     
1     0005f070  _DcsmCommonRegs                 
1     0005f400  _MemCfgRegs                     
1     0005f480  _Emif1ConfigRegs                
1     0005f4a0  _Emif2ConfigRegs                
1     0005f4c0  _AccessProtectionRegs           
1     0005f500  _MemoryErrorRegs                
1     0005f540  _RomWaitStateRegs               
1     0005f800  _FlashCtrlRegs                  
1     0005fb00  _FlashEccRegs                   
1     00078800  _DcsmZ1Otp                      
1     00078900  _DcsmZ2Otp                      
abs   00000029  _RamfuncsLoadSize               
abs   00000029  _RamfuncsRunSize                
abs   00000200  __STACK_SIZE                    
abs   ffffffff  .text                           
abs   ffffffff  ___TI_pprof_out_hndl            
abs   ffffffff  ___TI_prof_data_size            
abs   ffffffff  ___TI_prof_data_start           
abs   ffffffff  ___binit__                      
abs   ffffffff  ___c_args__                     
abs   ffffffff  ___etext__                      
abs   ffffffff  ___pinit__                      
abs   ffffffff  ___text__                       
abs   ffffffff  binit                           
abs   ffffffff  etext                           
abs   ffffffff  pinit                           

[366 symbols]
